Component: Arm Compiler for Embedded 6.21 Tool: armlink [5ec1fa00]

==============================================================================

Section Cross References

    main.o(.text.main) refers to stm32f1xx_hal.o(.text.HAL_Init) for HAL_Init
    main.o(.text.main) refers to stm32f1xx_hal_rcc.o(.text.HAL_RCC_OscConfig) for HAL_RCC_OscConfig
    main.o(.text.main) refers to stm32f1xx_hal_rcc.o(.text.HAL_RCC_ClockConfig) for HAL_RCC_ClockConfig
    main.o(.text.main) refers to gpio.o(.text.MX_GPIO_Init) for MX_GPIO_Init
    main.o(.text.main) refers to usart.o(.text.MX_USART1_UART_Init) for MX_USART1_UART_Init
    main.o(.text.main) refers to i2c.o(.text.MX_I2C1_Init) for MX_I2C1_Init
    main.o(.text.main) refers to puts.o(i.puts) for puts
    main.o(.text.main) refers to oled.o(.text.OLED_Init) for OLED_Init
    main.o(.text.main) refers to oled.o(.text.OLED_Clear) for OLED_Clear
    main.o(.text.main) refers to oled.o(.text.OLED_ShowString) for OLED_ShowString
    main.o(.text.main) refers to inv_mpu.o(.text.mpu_dmp_init) for mpu_dmp_init
    main.o(.text.main) refers to stm32f1xx_hal.o(.text.HAL_Delay) for HAL_Delay
    main.o(.text.main) refers to mpu6050.o(.text.MPU_Get_Temperature) for MPU_Get_Temperature
    main.o(.text.main) refers to fflti.o(.text) for __aeabi_i2f
    main.o(.text.main) refers to fdiv.o(.text) for __aeabi_fdiv
    main.o(.text.main) refers to f2d.o(.text) for __aeabi_f2d
    main.o(.text.main) refers to printfa.o(i.__0printf) for __2printf
    main.o(.text.main) refers to main.o(.bss..L_MergedGlobals) for .L_MergedGlobals
    main.o(.text.main) refers to mpu6050.o(.text.MPU_Get_Gyroscope) for MPU_Get_Gyroscope
    main.o(.text.main) refers to bmp280.o(.text.BMP280_InitALL) for BMP280_InitALL
    main.o(.text.main) refers to main.o(.rodata.str1.1) for .L.str.7
    main.o(.text.main) refers to main.o(.data.Flag_LED) for Flag_LED
    main.o(.text.main) refers to bmp280.o(.text.BMP280_GetTemperature) for BMP280_GetTemperature
    main.o(.text.main) refers to bmp280.o(.text.BMP280_GetPressure) for BMP280_GetPressure
    main.o(.text.main) refers to dflti.o(.text) for __aeabi_i2d
    main.o(.text.main) refers to ddiv.o(.text) for __aeabi_ddiv
    main.o(.text.main) refers to printfa.o(i.__0sprintf) for __2sprintf
    main.o(.text.main) refers to oled.o(.text.OLED_ShowNum) for OLED_ShowNum
    main.o(.text.main) refers to stm32f1xx_hal_gpio.o(.text.HAL_GPIO_TogglePin) for HAL_GPIO_TogglePin
    main.o(.text.main) refers to pow.o(i.pow) for pow
    main.o(.text.main) refers to dfixui.o(.text) for __aeabi_d2uiz
    main.o(.ARM.exidx.text.main) refers to main.o(.text.main) for [Anonymous Symbol]
    main.o(.text.SystemClock_Config) refers to stm32f1xx_hal_rcc.o(.text.HAL_RCC_OscConfig) for HAL_RCC_OscConfig
    main.o(.text.SystemClock_Config) refers to stm32f1xx_hal_rcc.o(.text.HAL_RCC_ClockConfig) for HAL_RCC_ClockConfig
    main.o(.ARM.exidx.text.SystemClock_Config) refers to main.o(.text.SystemClock_Config) for [Anonymous Symbol]
    main.o(.ARM.exidx.text.Error_Handler) refers to main.o(.text.Error_Handler) for [Anonymous Symbol]
    gpio.o(.text.MX_GPIO_Init) refers to stm32f1xx_hal_gpio.o(.text.HAL_GPIO_WritePin) for HAL_GPIO_WritePin
    gpio.o(.text.MX_GPIO_Init) refers to stm32f1xx_hal_gpio.o(.text.HAL_GPIO_Init) for HAL_GPIO_Init
    gpio.o(.ARM.exidx.text.MX_GPIO_Init) refers to gpio.o(.text.MX_GPIO_Init) for [Anonymous Symbol]
    i2c.o(.text.MX_I2C1_Init) refers to i2c.o(.bss.hi2c1) for hi2c1
    i2c.o(.text.MX_I2C1_Init) refers to stm32f1xx_hal_i2c.o(.text.HAL_I2C_Init) for HAL_I2C_Init
    i2c.o(.text.MX_I2C1_Init) refers to main.o(.text.Error_Handler) for Error_Handler
    i2c.o(.ARM.exidx.text.MX_I2C1_Init) refers to i2c.o(.text.MX_I2C1_Init) for [Anonymous Symbol]
    i2c.o(.text.HAL_I2C_MspInit) refers to stm32f1xx_hal_gpio.o(.text.HAL_GPIO_Init) for HAL_GPIO_Init
    i2c.o(.ARM.exidx.text.HAL_I2C_MspInit) refers to i2c.o(.text.HAL_I2C_MspInit) for [Anonymous Symbol]
    i2c.o(.text.HAL_I2C_MspDeInit) refers to stm32f1xx_hal_gpio.o(.text.HAL_GPIO_DeInit) for HAL_GPIO_DeInit
    i2c.o(.ARM.exidx.text.HAL_I2C_MspDeInit) refers to i2c.o(.text.HAL_I2C_MspDeInit) for [Anonymous Symbol]
    usart.o(.text.MX_USART1_UART_Init) refers to usart.o(.bss.huart1) for huart1
    usart.o(.text.MX_USART1_UART_Init) refers to stm32f1xx_hal_uart.o(.text.HAL_UART_Init) for HAL_UART_Init
    usart.o(.text.MX_USART1_UART_Init) refers to main.o(.text.Error_Handler) for Error_Handler
    usart.o(.ARM.exidx.text.MX_USART1_UART_Init) refers to usart.o(.text.MX_USART1_UART_Init) for [Anonymous Symbol]
    usart.o(.text.HAL_UART_MspInit) refers to stm32f1xx_hal_gpio.o(.text.HAL_GPIO_Init) for HAL_GPIO_Init
    usart.o(.ARM.exidx.text.HAL_UART_MspInit) refers to usart.o(.text.HAL_UART_MspInit) for [Anonymous Symbol]
    usart.o(.text.HAL_UART_MspDeInit) refers to stm32f1xx_hal_gpio.o(.text.HAL_GPIO_DeInit) for HAL_GPIO_DeInit
[...]

    ../clib/division.s                       0x00000000   Number         0  aeabi_sdiv.o ABSOLUTE
    ../clib/microlib/division.c              0x00000000   Number         0  ldiv.o ABSOLUTE
    ../clib/microlib/division.c              0x00000000   Number         0  uidiv.o ABSOLUTE
    ../clib/microlib/division.c              0x00000000   Number         0  uldiv.o ABSOLUTE
    ../clib/microlib/errno.c                 0x00000000   Number         0  errno.o ABSOLUTE
    ../clib/microlib/init/entry.s            0x00000000   Number         0  entry.o ABSOLUTE
    ../clib/microlib/init/entry.s            0x00000000   Number         0  entry2.o ABSOLUTE
    ../clib/microlib/init/entry.s            0x00000000   Number         0  entry5.o ABSOLUTE
    ../clib/microlib/init/entry.s            0x00000000   Number         0  entry7a.o ABSOLUTE
    ../clib/microlib/init/entry.s            0x00000000   Number         0  entry7b.o ABSOLUTE
    ../clib/microlib/init/entry.s            0x00000000   Number         0  entry8a.o ABSOLUTE
    ../clib/microlib/init/entry.s            0x00000000   Number         0  entry8b.o ABSOLUTE
    ../clib/microlib/init/entry.s            0x00000000   Number         0  entry9a.o ABSOLUTE
    ../clib/microlib/init/entry.s            0x00000000   Number         0  entry9b.o ABSOLUTE
    ../clib/microlib/init/entry.s            0x00000000   Number         0  entry10a.o ABSOLUTE
    ../clib/microlib/init/entry.s            0x00000000   Number         0  entry10b.o ABSOLUTE
    ../clib/microlib/init/entry.s            0x00000000   Number         0  entry11a.o ABSOLUTE
    ../clib/microlib/init/entry.s            0x00000000   Number         0  entry11b.o ABSOLUTE
    ../clib/microlib/longlong.c              0x00000000   Number         0  llshl.o ABSOLUTE
    ../clib/microlib/longlong.c              0x00000000   Number         0  llushr.o ABSOLUTE
    ../clib/microlib/longlong.c              0x00000000   Number         0  llsshr.o ABSOLUTE
    ../clib/microlib/printf/printf.c         0x00000000   Number         0  printfb.o ABSOLUTE
    ../clib/microlib/printf/printf.c         0x00000000   Number         0  printf0.o ABSOLUTE
    ../clib/microlib/printf/printf.c         0x00000000   Number         0  printf1.o ABSOLUTE
    ../clib/microlib/printf/printf.c         0x00000000   Number         0  printf2.o ABSOLUTE
    ../clib/microlib/printf/printf.c         0x00000000   Number         0  printf3.o ABSOLUTE
    ../clib/microlib/printf/printf.c         0x00000000   Number         0  printf4.o ABSOLUTE
    ../clib/microlib/printf/printf.c         0x00000000   Number         0  printf5.o ABSOLUTE
    ../clib/microlib/printf/printf.c         0x00000000   Number         0  printf6.o ABSOLUTE
    ../clib/microlib/printf/printf.c         0x00000000   Number         0  printf7.o ABSOLUTE
    ../clib/microlib/printf/printf.c         0x00000000   Number         0  printf8.o ABSOLUTE
    ../clib/microlib/printf/printf.c         0x00000000   Number         0  printfa.o ABSOLUTE
    ../clib/microlib/printf/stubs.s          0x00000000   Number         0  printfstubs.o ABSOLUTE
    ../clib/microlib/stdio/puts.c            0x00000000   Number         0  puts.o ABSOLUTE
    ../clib/microlib/stdio/puts.c            0x00000000   Number         0  puts_e.o ABSOLUTE
    ../clib/microlib/stdio/streams.c         0x00000000   Number         0  stdout.o ABSOLUTE
    ../clib/microlib/string/memcmp.c         0x00000000   Number         0  memcmp.o ABSOLUTE
    ../clib/microlib/stubs.s                 0x00000000   Number         0  iusefp.o ABSOLUTE
    ../fplib/microlib/d2f.c                  0x00000000   Number         0  d2f.o ABSOLUTE
    ../fplib/microlib/f2d.c                  0x00000000   Number         0  f2d.o ABSOLUTE
    ../fplib/microlib/fpadd.c                0x00000000   Number         0  fadd.o ABSOLUTE
    ../fplib/microlib/fpadd.c                0x00000000   Number         0  dadd.o ABSOLUTE
    ../fplib/microlib/fpcmp.c                0x00000000   Number         0  fcmple.o ABSOLUTE
    ../fplib/microlib/fpcmp.c                0x00000000   Number         0  fcmplt.o ABSOLUTE
    ../fplib/microlib/fpcmp.c                0x00000000   Number         0  fcmpge.o ABSOLUTE
    ../fplib/microlib/fpcmp.c                0x00000000   Number         0  fcmpgt.o ABSOLUTE
    ../fplib/microlib/fpcmp.c                0x00000000   Number         0  fcmpeq.o ABSOLUTE
    ../fplib/microlib/fpdiv.c                0x00000000   Number         0  fdiv.o ABSOLUTE
    ../fplib/microlib/fpdiv.c                0x00000000   Number         0  ddiv.o ABSOLUTE
    ../fplib/microlib/fpepilogue.c           0x00000000   Number         0  fepilogue.o ABSOLUTE
    ../fplib/microlib/fpepilogue.c           0x00000000   Number         0  depilogue.o ABSOLUTE
    ../fplib/microlib/fpfix.c                0x00000000   Number         0  ffixi.o ABSOLUTE
    ../fplib/microlib/fpfix.c                0x00000000   Number         0  ffixui.o ABSOLUTE
    ../fplib/microlib/fpfix.c                0x00000000   Number         0  dfixui.o ABSOLUTE
    ../fplib/microlib/fpfix.c                0x00000000   Number         0  dfixul.o ABSOLUTE
    ../fplib/microlib/fpflt.c                0x00000000   Number         0  fflti.o ABSOLUTE
    ../fplib/microlib/fpflt.c                0x00000000   Number         0  ffltui.o ABSOLUTE
    ../fplib/microlib/fpflt.c                0x00000000   Number         0  dflti.o ABSOLUTE
    ../fplib/microlib/fpmul.c                0x00000000   Number         0  fmul.o ABSOLUTE
    ../fplib/microlib/fpmul.c                0x00000000   Number         0  dmul.o ABSOLUTE
    ../fplib/microlib/fpscalb.c              0x00000000   Number         0  dscalb.o ABSOLUTE
    ../fplib/microlib/fpsqrt.c               0x00000000   Number         0  dsqrt.o ABSOLUTE
    ../mathlib/asin.c                        0x00000000   Number         0  asin.o ABSOLUTE
    ../mathlib/atan.c                        0x00000000   Number         0  atan.o ABSOLUTE
    ../mathlib/atan2.c                       0x00000000   Number         0  atan2.o ABSOLUTE
    ../mathlib/dunder.c                      0x00000000   Number         0  dunder.o ABSOLUTE
    ../mathlib/fpclassify.c                  0x00000000   Number         0  fpclassify.o ABSOLUTE
    ../mathlib/poly.c                        0x00000000   Number         0  poly.o ABSOLUTE
    ../mathlib/pow.c                         0x00000000   Number         0  pow.o ABSOLUTE
    ../mathlib/qnan.c                        0x00000000   Number         0  qnan.o ABSOLUTE
    ../mathlib/sqrt.c                        0x00000000   Number         0  sqrt.o ABSOLUTE
    bmp280.c                                 0x00000000   Number         0  bmp280.o ABSOLUTE
    bmp280_i2c.c                             0x00000000   Number         0  bmp280_i2c.o ABSOLUTE
    cdcmple.s                                0x00000000   Number         0  cdcmple.o ABSOLUTE
    cdrcmple.s                               0x00000000   Number         0  cdrcmple.o ABSOLUTE
    convertors.c                             0x00000000   Number         0  convertors.o ABSOLUTE
    dc.s                                     0x00000000   Number         0  dc.o ABSOLUTE
    gpio.c                                   0x00000000   Number         0  gpio.o ABSOLUTE
    handlers.s                               0x00000000   Number         0  handlers.o ABSOLUTE
    i2c.c                                    0x00000000   Number         0  i2c.o ABSOLUTE
    init.s                                   0x00000000   Number         0  init.o ABSOLUTE
    inv_mpu.c                                0x00000000   Number         0  inv_mpu.o ABSOLUTE
    inv_mpu_dmp_motion_driver.c              0x00000000   Number         0  inv_mpu_dmp_motion_driver.o ABSOLUTE
    main.c                                   0x00000000   Number         0  main.o ABSOLUTE
    mpu6050.c                                0x00000000   Number         0  mpu6050.o ABSOLUTE
    oled.c                                   0x00000000   Number         0  oled.o ABSOLUTE
    startup_stm32f103xb.s                    0x00000000   Number         0  startup_stm32f103xb.o ABSOLUTE
    stm32f1xx_hal.c                          0x00000000   Number         0  stm32f1xx_hal.o ABSOLUTE
    stm32f1xx_hal_cortex.c                   0x00000000   Number         0  stm32f1xx_hal_cortex.o ABSOLUTE
    stm32f1xx_hal_dma.c                      0x00000000   Number         0  stm32f1xx_hal_dma.o ABSOLUTE
    stm32f1xx_hal_exti.c                     0x00000000   Number         0  stm32f1xx_hal_exti.o ABSOLUTE
    stm32f1xx_hal_flash.c                    0x00000000   Number         0  stm32f1xx_hal_flash.o ABSOLUTE
    stm32f1xx_hal_flash_ex.c                 0x00000000   Number         0  stm32f1xx_hal_flash_ex.o ABSOLUTE
    stm32f1xx_hal_gpio.c                     0x00000000   Number         0  stm32f1xx_hal_gpio.o ABSOLUTE
    stm32f1xx_hal_gpio_ex.c                  0x00000000   Number         0  stm32f1xx_hal_gpio_ex.o ABSOLUTE
    stm32f1xx_hal_i2c.c                      0x00000000   Number         0  stm32f1xx_hal_i2c.o ABSOLUTE
    stm32f1xx_hal_msp.c                      0x00000000   Number         0  stm32f1xx_hal_msp.o ABSOLUTE
    stm32f1xx_hal_pwr.c                      0x00000000   Number         0  stm32f1xx_hal_pwr.o ABSOLUTE
    stm32f1xx_hal_rcc.c                      0x00000000   Number         0  stm32f1xx_hal_rcc.o ABSOLUTE
    stm32f1xx_hal_rcc_ex.c                   0x00000000   Number         0  stm32f1xx_hal_rcc_ex.o ABSOLUTE
    stm32f1xx_hal_tim.c                      0x00000000   Number         0  stm32f1xx_hal_tim.o ABSOLUTE
    stm32f1xx_hal_tim_ex.c                   0x00000000   Number         0  stm32f1xx_hal_tim_ex.o ABSOLUTE
    stm32f1xx_hal_uart.c                     0x00000000   Number         0  stm32f1xx_hal_uart.o ABSOLUTE
    stm32f1xx_it.c                           0x00000000   Number         0  stm32f1xx_it.o ABSOLUTE
    system_stm32f1xx.c                       0x00000000   Number         0  system_stm32f1xx.o ABSOLUTE
    usart.c                                  0x00000000   Number         0  usart.o ABSOLUTE
    RESET                                    0x08000000   Section      236  startup_stm32f103xb.o(RESET)
    .ARM.Collect$$$$00000000                 0x080000ec   Section        0  entry.o(.ARM.Collect$$$$00000000)
    .ARM.Collect$$$$00000001                 0x080000ec   Section        4  entry2.o(.ARM.Collect$$$$00000001)
    .ARM.Collect$$$$00000004                 0x080000f0   Section        4  entry5.o(.ARM.Collect$$$$00000004)
    .ARM.Collect$$$$00000008                 0x080000f4   Section        0  entry7b.o(.ARM.Collect$$$$00000008)
    .ARM.Collect$$$$0000000A                 0x080000f4   Section        0  entry8b.o(.ARM.Collect$$$$0000000A)
    .ARM.Collect$$$$0000000B                 0x080000f4   Section        8  entry9a.o(.ARM.Collect$$$$0000000B)
    __lit__00000000                          0x080000fc   Data           4  entry2.o(.ARM.Collect$$$$00002712)
    .ARM.Collect$$$$0000000D                 0x080000fc   Section        0  entry10a.o(.ARM.Collect$$$$0000000D)
    .ARM.Collect$$$$0000000F                 0x080000fc   Section        0  entry11a.o(.ARM.Collect$$$$0000000F)
    .ARM.Collect$$$$00002712                 0x080000fc   Section        4  entry2.o(.ARM.Collect$$$$00002712)
    .text                                    0x08000100   Section       36  startup_stm32f103xb.o(.text)
    .text                                    0x08000124   Section        0  ldiv.o(.text)
    .text                                    0x08000186   Section        0  memcmp.o(.text)
    .text                                    0x080001a0   Section        0  fadd.o(.text)
    .text                                    0x08000250   Section        0  fmul.o(.text)
    .text                                    0x080002b4   Section        0  fdiv.o(.text)
    .text                                    0x08000330   Section        0  dadd.o(.text)
    .text                                    0x0800047e   Section        0  dmul.o(.text)
    .text                                    0x08000562   Section        0  ddiv.o(.text)
    .text                                    0x08000640   Section        0  fcmple.o(.text)
    .text                                    0x0800065c   Section        0  fcmplt.o(.text)
    .text                                    0x08000678   Section        0  fcmpgt.o(.text)
    .text                                    0x08000694   Section        0  fcmpeq.o(.text)
    .text                                    0x080006b0   Section        0  fflti.o(.text)
    .text                                    0x080006c2   Section        0  ffltui.o(.text)
    .text                                    0x080006cc   Section        0  dflti.o(.text)
    .text                                    0x080006ee   Section        0  ffixi.o(.text)
    .text                                    0x08000720   Section        0  dfixui.o(.text)
    .text                                    0x08000752   Section        0  f2d.o(.text)
    .text                                    0x08000778   Section        0  d2f.o(.text)
    .text                                    0x080007b0   Section        0  uidiv.o(.text)
    .text                                    0x080007dc   Section        0  uldiv.o(.text)
    .text                                    0x0800083e   Section        0  llshl.o(.text)
    .text                                    0x0800085c   Section        0  llushr.o(.text)
    .text                                    0x0800087c   Section        0  llsshr.o(.text)
    .text                                    0x080008a0   Section        0  iusefp.o(.text)
    .text                                    0x080008a0   Section        0  fepilogue.o(.text)
    .text                                    0x0800090e   Section        0  depilogue.o(.text)
    .text                                    0x080009c8   Section        0  dscalb.o(.text)
    .text                                    0x080009f6   Section        0  dfixul.o(.text)
    .text                                    0x08000a28   Section       48  cdrcmple.o(.text)
    .text                                    0x08000a58   Section       48  init.o(.text)
    .text                                    0x08000a88   Section        0  dsqrt.o(.text)
    [Anonymous Symbol]                       0x08000b2c   Section        0  convertors.o(.text.BME280_compensate_P_int64)
    [Anonymous Symbol]                       0x08000c80   Section        0  convertors.o(.text.BME280_compensate_T_int32)
    [Anonymous Symbol]                       0x08000cc0   Section        0  bmp280.o(.text.BMP280_GetPressure)
    [Anonymous Symbol]                       0x08000cf0   Section        0  bmp280.o(.text.BMP280_GetTemperature)
    [Anonymous Symbol]                       0x08000d20   Section        0  bmp280_i2c.o(.text.BMP280_IO_I2C)
    [Anonymous Symbol]                       0x08000d2c   Section        0  bmp280.o(.text.BMP280_InitALL)
    [Anonymous Symbol]                       0x08000da0   Section        0  bmp280_i2c.o(.text.BMP280_read)
    [Anonymous Symbol]                       0x08000dcc   Section        0  bmp280_i2c.o(.text.BMP280_write)
    [Anonymous Symbol]                       0x08000df8   Section        0  stm32f1xx_it.o(.text.BusFault_Handler)
    [Anonymous Symbol]                       0x08000dfc   Section        0  stm32f1xx_it.o(.text.DebugMon_Handler)
    [Anonymous Symbol]                       0x08000e00   Section        0  main.o(.text.Error_Handler)
    [Anonymous Symbol]                       0x08000e04   Section        0  stm32f1xx_hal.o(.text.HAL_Delay)
    [Anonymous Symbol]                       0x08000e2c   Section        0  stm32f1xx_hal_gpio.o(.text.HAL_GPIO_Init)
    [Anonymous Symbol]                       0x08001040   Section        0  stm32f1xx_hal_gpio.o(.text.HAL_GPIO_TogglePin)
    [Anonymous Symbol]                       0x08001050   Section        0  stm32f1xx_hal_gpio.o(.text.HAL_GPIO_WritePin)
    [Anonymous Symbol]                       0x0800105c   Section        0  stm32f1xx_hal.o(.text.HAL_GetTick)
    [Anonymous Symbol]                       0x08001068   Section        0  stm32f1xx_hal_i2c.o(.text.HAL_I2C_Init)
    [Anonymous Symbol]                       0x080011bc   Section        0  stm32f1xx_hal_i2c.o(.text.HAL_I2C_Mem_Read)
    [Anonymous Symbol]                       0x080015a0   Section        0  stm32f1xx_hal_i2c.o(.text.HAL_I2C_Mem_Write)
    [Anonymous Symbol]                       0x0800177c   Section        0  i2c.o(.text.HAL_I2C_MspInit)
    [Anonymous Symbol]                       0x080017e0   Section        0  stm32f1xx_hal.o(.text.HAL_IncTick)
    [Anonymous Symbol]                       0x080017fc   Section        0  stm32f1xx_hal.o(.text.HAL_Init)
    [Anonymous Symbol]                       0x08001824   Section        0  stm32f1xx_hal.o(.text.HAL_InitTick)
    [Anonymous Symbol]                       0x0800186c   Section        0  stm32f1xx_hal_msp.o(.text.HAL_MspInit)
    [Anonymous Symbol]                       0x080018b0   Section        0  stm32f1xx_hal_cortex.o(.text.HAL_NVIC_SetPriority)
    [Anonymous Symbol]                       0x08001908   Section        0  stm32f1xx_hal_cortex.o(.text.HAL_NVIC_SetPriorityGrouping)
    [Anonymous Symbol]                       0x08001928   Section        0  stm32f1xx_hal_rcc.o(.text.HAL_RCC_ClockConfig)
    [Anonymous Symbol]                       0x08001aec   Section        0  stm32f1xx_hal_rcc.o(.text.HAL_RCC_GetPCLK1Freq)
    [Anonymous Symbol]                       0x08001b14   Section        0  stm32f1xx_hal_rcc.o(.text.HAL_RCC_GetPCLK2Freq)
    [Anonymous Symbol]                       0x08001b3c   Section        0  stm32f1xx_hal_rcc.o(.text.HAL_RCC_OscConfig)
    [Anonymous Symbol]                       0x08001f3c   Section        0  stm32f1xx_hal_cortex.o(.text.HAL_SYSTICK_Config)
    [Anonymous Symbol]                       0x08001f68   Section        0  stm32f1xx_hal_uart.o(.text.HAL_UART_Init)
    [Anonymous Symbol]                       0x08002048   Section        0  usart.o(.text.HAL_UART_MspInit)
    [Anonymous Symbol]                       0x080020c4   Section        0  stm32f1xx_hal_uart.o(.text.HAL_UART_Transmit)
    [Anonymous Symbol]                       0x0800224c   Section        0  stm32f1xx_it.o(.text.HardFault_Handler)
    I2C_RequestMemoryRead                    0x08002251   Thumb Code   790  stm32f1xx_hal_i2c.o(.text.I2C_RequestMemoryRead)
    [Anonymous Symbol]                       0x08002250   Section        0  stm32f1xx_hal_i2c.o(.text.I2C_RequestMemoryRead)
    I2C_RequestMemoryWrite                   0x08002569   Thumb Code   606  stm32f1xx_hal_i2c.o(.text.I2C_RequestMemoryWrite)
    [Anonymous Symbol]                       0x08002568   Section        0  stm32f1xx_hal_i2c.o(.text.I2C_RequestMemoryWrite)
    I2C_WaitOnBTFFlagUntilTimeout            0x080027c9   Thumb Code   168  stm32f1xx_hal_i2c.o(.text.I2C_WaitOnBTFFlagUntilTimeout)
    [Anonymous Symbol]                       0x080027c8   Section        0  stm32f1xx_hal_i2c.o(.text.I2C_WaitOnBTFFlagUntilTimeout)
    I2C_WaitOnFlagUntilTimeout               0x08002871   Thumb Code   328  stm32f1xx_hal_i2c.o(.text.I2C_WaitOnFlagUntilTimeout)
    [Anonymous Symbol]                       0x08002870   Section        0  stm32f1xx_hal_i2c.o(.text.I2C_WaitOnFlagUntilTimeout)
    I2C_WaitOnMasterAddressFlagUntilTimeout  0x080029b9   Thumb Code   184  stm32f1xx_hal_i2c.o(.text.I2C_WaitOnMasterAddressFlagUntilTimeout)
    [Anonymous Symbol]                       0x080029b8   Section        0  stm32f1xx_hal_i2c.o(.text.I2C_WaitOnMasterAddressFlagUntilTimeout)
    [Anonymous Symbol]                       0x08002a70   Section        0  mpu6050.o(.text.MPU_Get_Gyroscope)
    [Anonymous Symbol]                       0x08002af0   Section        0  mpu6050.o(.text.MPU_Get_Temperature)
    [Anonymous Symbol]                       0x08002b5c   Section        0  mpu6050.o(.text.MPU_Read_Len)
    [Anonymous Symbol]                       0x08002b84   Section        0  mpu6050.o(.text.MPU_Write_Len)
    [Anonymous Symbol]                       0x08002bac   Section        0  gpio.o(.text.MX_GPIO_Init)
    [Anonymous Symbol]                       0x08002c50   Section        0  i2c.o(.text.MX_I2C1_Init)
    [Anonymous Symbol]                       0x08002c94   Section        0  usart.o(.text.MX_USART1_UART_Init)
    [Anonymous Symbol]                       0x08002cd0   Section        0  stm32f1xx_it.o(.text.MemManage_Handler)
    [Anonymous Symbol]                       0x08002cd4   Section        0  stm32f1xx_it.o(.text.NMI_Handler)
    [Anonymous Symbol]                       0x08002cd8   Section        0  oled.o(.text.OLED_Clear)
    [Anonymous Symbol]                       0x08002d84   Section        0  oled.o(.text.OLED_Init)
    [Anonymous Symbol]                       0x08002d94   Section        0  oled.o(.text.OLED_ShowChar)
    [Anonymous Symbol]                       0x0800313c   Section        0  oled.o(.text.OLED_ShowNum)
    [Anonymous Symbol]                       0x0800324c   Section        0  oled.o(.text.OLED_ShowString)
    [Anonymous Symbol]                       0x0800328c   Section        0  stm32f1xx_it.o(.text.PendSV_Handler)
    [Anonymous Symbol]                       0x08003290   Section        0  stm32f1xx_it.o(.text.SVC_Handler)
    [Anonymous Symbol]                       0x08003294   Section        0  stm32f1xx_it.o(.text.SysTick_Handler)
    [Anonymous Symbol]                       0x08003298   Section        0  system_stm32f1xx.o(.text.SystemInit)
    [Anonymous Symbol]                       0x080032e8   Section        0  stm32f1xx_it.o(.text.UsageFault_Handler)
    [Anonymous Symbol]                       0x080032ec   Section        0  oled.o(.text.WriteCmd)
    [Anonymous Symbol]                       0x0800354c   Section        0  inv_mpu_dmp_motion_driver.o(.text.dmp_enable_feature)
    [Anonymous Symbol]                       0x080037ec   Section        0  inv_mpu_dmp_motion_driver.o(.text.dmp_load_motion_driver_firmware)
    [Anonymous Symbol]                       0x08003804   Section        0  inv_mpu_dmp_motion_driver.o(.text.dmp_set_accel_bias)
    [Anonymous Symbol]                       0x080038c4   Section        0  inv_mpu_dmp_motion_driver.o(.text.dmp_set_fifo_rate)
    [Anonymous Symbol]                       0x08003934   Section        0  inv_mpu_dmp_motion_driver.o(.text.dmp_set_gyro_bias)
    [Anonymous Symbol]                       0x08003a14   Section        0  inv_mpu_dmp_motion_driver.o(.text.dmp_set_orientation)
    [Anonymous Symbol]                       0x08003afc   Section        0  inv_mpu_dmp_motion_driver.o(.text.dmp_set_tap_thresh)
    [Anonymous Symbol]                       0x08003c28   Section        0  usart.o(.text.fputc)
    get_st_biases                            0x08003c49   Thumb Code   820  inv_mpu.o(.text.get_st_biases)
    [Anonymous Symbol]                       0x08003c48   Section        0  inv_mpu.o(.text.get_st_biases)
    [Anonymous Symbol]                       0x08003f7c   Section        0  inv_mpu.o(.text.inv_orientation_matrix_to_scalar)
    [Anonymous Symbol]                       0x08004058   Section        0  main.o(.text.main)
    [Anonymous Symbol]                       0x08004310   Section        0  inv_mpu.o(.text.mpu_configure_fifo)
    [Anonymous Symbol]                       0x080043b4   Section        0  inv_mpu.o(.text.mpu_dmp_init)
    [Anonymous Symbol]                       0x0800458c   Section        0  inv_mpu.o(.text.mpu_get_accel_fsr)
    [Anonymous Symbol]                       0x080045c4   Section        0  inv_mpu.o(.text.mpu_get_accel_sens)
    [Anonymous Symbol]                       0x08004604   Section        0  inv_mpu.o(.text.mpu_init)
    [Anonymous Symbol]                       0x080047c8   Section        0  inv_mpu.o(.text.mpu_load_firmware)
    [Anonymous Symbol]                       0x08004910   Section        0  inv_mpu.o(.text.mpu_lp_accel_mode)
    [Anonymous Symbol]                       0x08004b3c   Section        0  inv_mpu.o(.text.mpu_reset_fifo)
    [Anonymous Symbol]                       0x08004cb8   Section        0  inv_mpu.o(.text.mpu_run_self_test)
    [Anonymous Symbol]                       0x080055e4   Section        0  inv_mpu.o(.text.mpu_set_accel_fsr)
    [Anonymous Symbol]                       0x08005680   Section        0  inv_mpu.o(.text.mpu_set_bypass)
    [Anonymous Symbol]                       0x08005770   Section        0  inv_mpu.o(.text.mpu_set_dmp_state)
    [Anonymous Symbol]                       0x08005850   Section        0  inv_mpu.o(.text.mpu_set_lpf)
    [Anonymous Symbol]                       0x080058ec   Section        0  inv_mpu.o(.text.mpu_set_sample_rate)
    [Anonymous Symbol]                       0x08005a30   Section        0  inv_mpu.o(.text.mpu_set_sensors)
    [Anonymous Symbol]                       0x08005b1c   Section        0  inv_mpu.o(.text.mpu_write_mem)
    [Anonymous Symbol]                       0x08005b80   Section        0  inv_mpu.o(.text.run_self_test)
    i.__0printf                              0x08005c74   Section        0  printfa.o(i.__0printf)
    i.__0sprintf                             0x08005c94   Section        0  printfa.o(i.__0sprintf)
    i.__ARM_fpclassify                       0x08005cbc   Section        0  fpclassify.o(i.__ARM_fpclassify)
    i.__kernel_poly                          0x08005ce4   Section        0  poly.o(i.__kernel_poly)
    i.__mathlib_dbl_divzero                  0x08005d90   Section        0  dunder.o(i.__mathlib_dbl_divzero)
    i.__mathlib_dbl_infnan2                  0x08005da0   Section        0  dunder.o(i.__mathlib_dbl_infnan2)
    i.__mathlib_dbl_invalid                  0x08005da4   Section        0  dunder.o(i.__mathlib_dbl_invalid)
    i.__mathlib_dbl_overflow                 0x08005db0   Section        0  dunder.o(i.__mathlib_dbl_overflow)
    i.__mathlib_dbl_underflow                0x08005dc0   Section        0  dunder.o(i.__mathlib_dbl_underflow)
    i.__scatterload_copy                     0x08005dd0   Section       14  handlers.o(i.__scatterload_copy)
    i.__scatterload_null                     0x08005dde   Section        2  handlers.o(i.__scatterload_null)
    i.__scatterload_zeroinit                 0x08005de0   Section       14  handlers.o(i.__scatterload_zeroinit)
    i.__set_errno                            0x08005df0   Section        0  errno.o(i.__set_errno)
    _fp_digits                               0x08005dfd   Thumb Code   366  printfa.o(i._fp_digits)
    i._fp_digits                             0x08005dfc   Section        0  printfa.o(i._fp_digits)
    _printf_core                             0x08005f81   Thumb Code  1744  printfa.o(i._printf_core)
    i._printf_core                           0x08005f80   Section        0  printfa.o(i._printf_core)
    _printf_post_padding                     0x0800665d   Thumb Code    36  printfa.o(i._printf_post_padding)
    i._printf_post_padding                   0x0800665c   Section        0  printfa.o(i._printf_post_padding)
    _printf_pre_padding                      0x08006681   Thumb Code    46  printfa.o(i._printf_pre_padding)
    i._printf_pre_padding                    0x08006680   Section        0  printfa.o(i._printf_pre_padding)
    _sputc                                   0x080066af   Thumb Code    10  printfa.o(i._sputc)
    i._sputc                                 0x080066ae   Section        0  printfa.o(i._sputc)
    i.pow                                    0x080066b8   Section        0  pow.o(i.pow)
    i.puts                                   0x080070a4   Section        0  puts.o(i.puts)
    i.sqrt                                   0x080070c8   Section        0  sqrt.o(i.sqrt)
    bp                                       0x08007118   Data          16  pow.o(.constdata)
    .constdata                               0x08007118   Section      136  pow.o(.constdata)
    dp_h                                     0x08007128   Data          16  pow.o(.constdata)
    dp_l                                     0x08007138   Data          16  pow.o(.constdata)
    L                                        0x08007148   Data          48  pow.o(.constdata)
    P                                        0x08007178   Data          40  pow.o(.constdata)
    .constdata                               0x080071a0   Section        8  qnan.o(.constdata)
    .L__const.HAL_RCC_GetSysClockFreq.aPredivFactorTable 0x080071a8   Data           2  stm32f1xx_hal_rcc.o(.rodata..L__const.HAL_RCC_GetSysClockFreq.aPredivFactorTable)
    .L__const.dmp_set_orientation.accel_axes 0x080071aa   Data           3  inv_mpu_dmp_motion_driver.o(.rodata..L__const.dmp_set_orientation.accel_axes)
    .L__const.dmp_set_orientation.gyro_axes  0x080071ad   Data           3  inv_mpu_dmp_motion_driver.o(.rodata..L__const.dmp_set_orientation.gyro_axes)
    .L__const.HAL_RCC_GetSysClockFreq.aPLLMULFactorTable 0x080079d0   Data          16  stm32f1xx_hal_rcc.o(.rodata.cst16)
    .Lswitch.table.mpu_lp_motion_interrupt   0x080079e0   Data           8  inv_mpu.o(.rodata.cst8)
    dmp_memory                               0x080079e8   Data        3062  inv_mpu_dmp_motion_driver.o(.rodata.dmp_memory)
    [Anonymous Symbol]                       0x080079e8   Section        0  inv_mpu_dmp_motion_driver.o(.rodata.dmp_memory)
    .L.str.10                                0x08008605   Data          11  main.o(.rodata.str1.1)
    [Anonymous Symbol]                       0x08008605   Section        0  main.o(.rodata.str1.1)
    .L.str.7                                 0x08008610   Data           7  main.o(.rodata.str1.1)
    .L.str.9                                 0x08008617   Data           9  main.o(.rodata.str1.1)
    .L.str.8                                 0x08008620   Data           6  main.o(.rodata.str1.1)
    .L.str.11                                0x08008626   Data           5  main.o(.rodata.str1.1)
    .Lstr.17                                 0x0800862b   Data          27  inv_mpu.o(.rodata.str1.1)
    [Anonymous Symbol]                       0x0800862b   Section        0  inv_mpu.o(.rodata.str1.1)
    .Lstr.16                                 0x08008646   Data          24  inv_mpu.o(.rodata.str1.1)
    .Lstr.22                                 0x0800865e   Data          14  inv_mpu.o(.rodata.str1.1)
    .Lstr                                    0x0800866c   Data          76  inv_mpu.o(.rodata.str1.1)
    .data                                    0x20000000   Section        4  stdout.o(.data)
    _errno                                   0x20000004   Data           4  errno.o(.data)
    .data                                    0x20000004   Section        4  errno.o(.data)
    .L_MergedGlobals                         0x20000008   Data           8  stm32f1xx_hal.o(.data..L_MergedGlobals)
    [Anonymous Symbol]                       0x20000008   Section        0  stm32f1xx_hal.o(.data..L_MergedGlobals)
    .L_MergedGlobals                         0x20000010   Data          56  inv_mpu.o(.data..L_MergedGlobals)
    gyro_orientation                         0x20000010   Data           9  inv_mpu.o(.data..L_MergedGlobals)
    [Anonymous Symbol]                       0x20000010   Section        0  inv_mpu.o(.data..L_MergedGlobals)
    st                                       0x2000001c   Data          44  inv_mpu.o(.data..L_MergedGlobals)
    .L_MergedGlobals                         0x20000048   Data          12  mpu6050.o(.data..L_MergedGlobals)
    [Anonymous Symbol]                       0x20000048   Section        0  mpu6050.o(.data..L_MergedGlobals)
    .L_MergedGlobals                         0x20000078   Data          40  main.o(.bss..L_MergedGlobals)
    [Anonymous Symbol]                       0x20000078   Section        0  main.o(.bss..L_MergedGlobals)
    .L_MergedGlobals                         0x200000a0   Data          28  convertors.o(.bss..L_MergedGlobals)
    [Anonymous Symbol]                       0x200000a0   Section        0  convertors.o(.bss..L_MergedGlobals)
    .L_MergedGlobals                         0x200000bc   Data          16  inv_mpu_dmp_motion_driver.o(.bss..L_MergedGlobals)
    dmp.5                                    0x200000bc   Data           1  inv_mpu_dmp_motion_driver.o(.bss..L_MergedGlobals)
    [Anonymous Symbol]                       0x200000bc   Section        0  inv_mpu_dmp_motion_driver.o(.bss..L_MergedGlobals)
    dmp.3                                    0x200000c0   Data           2  inv_mpu_dmp_motion_driver.o(.bss..L_MergedGlobals)
    dmp.0                                    0x200000c4   Data           4  inv_mpu_dmp_motion_driver.o(.bss..L_MergedGlobals)
    dmp.1                                    0x200000c8   Data           4  inv_mpu_dmp_motion_driver.o(.bss..L_MergedGlobals)
    dmp.2                                    0x200000cc   Data           2  inv_mpu_dmp_motion_driver.o(.bss.dmp.2)
    [Anonymous Symbol]                       0x200000cc   Section        0  inv_mpu_dmp_motion_driver.o(.bss.dmp.2)
    dmp.4                                    0x200000d0   Data           2  inv_mpu_dmp_motion_driver.o(.bss.dmp.4)
    [Anonymous Symbol]                       0x200000d0   Section        0  inv_mpu_dmp_motion_driver.o(.bss.dmp.4)
    STACK                                    0x20000170   Section     1024  startup_stm32f103xb.o(STACK)

    Global Symbols

    Symbol Name                              Value     Ov Type        Size  Object(Section)

    BuildAttributes$$THM_ISAv4$P$D$K$B$S$PE$A:L22UL41UL21$X:L11$S22US41US21$IEEE1$IW$~IW$USESV6$~STKCKD$USESV7$~SHL$OTIME$ROPI$IEEEX$EBA8$MICROLIB$REQ8$PRES8$EABIv2 0x00000000   Number         0  anon$$obj.o ABSOLUTE
    _printf_a                                0x00000000   Number         0  printfstubs.o ABSOLUTE
    _printf_c                                0x00000000   Number         0  printfstubs.o ABSOLUTE
    _printf_charcount                        0x00000000   Number         0  printfstubs.o ABSOLUTE
    _printf_d                                0x00000000   Number         0  printfstubs.o ABSOLUTE
    _printf_e                                0x00000000   Number         0  printfstubs.o ABSOLUTE
    _printf_f                                0x00000000   Number         0  printfstubs.o ABSOLUTE
    _printf_flags                            0x00000000   Number         0  printfstubs.o ABSOLUTE
    _printf_fp_dec                           0x00000000   Number         0  printfstubs.o ABSOLUTE
    _printf_fp_hex                           0x00000000   Number         0  printfstubs.o ABSOLUTE
    _printf_g                                0x00000000   Number         0  printfstubs.o ABSOLUTE
    _printf_i                                0x00000000   Number         0  printfstubs.o ABSOLUTE
    _printf_int_dec                          0x00000000   Number         0  printfstubs.o ABSOLUTE
    _printf_l                                0x00000000   Number         0  printfstubs.o ABSOLUTE
    _printf_lc                               0x00000000   Number         0  printfstubs.o ABSOLUTE
    _printf_ll                               0x00000000   Number         0  printfstubs.o ABSOLUTE
    _printf_lld                              0x00000000   Number         0  printfstubs.o ABSOLUTE
    _printf_lli                              0x00000000   Number         0  printfstubs.o ABSOLUTE
    _printf_llo                              0x00000000   Number         0  printfstubs.o ABSOLUTE
    _printf_llu                              0x00000000   Number         0  printfstubs.o ABSOLUTE
    _printf_llx                              0x00000000   Number         0  printfstubs.o ABSOLUTE
    _printf_longlong_dec                     0x00000000   Number         0  printfstubs.o ABSOLUTE
    _printf_longlong_hex                     0x00000000   Number         0  printfstubs.o ABSOLUTE
    _printf_longlong_oct                     0x00000000   Number         0  printfstubs.o ABSOLUTE
    _printf_ls                               0x00000000   Number         0  printfstubs.o ABSOLUTE
    _printf_mbtowc                           0x00000000   Number         0  printfstubs.o ABSOLUTE
    _printf_n                                0x00000000   Number         0  printfstubs.o ABSOLUTE
    _printf_o                                0x00000000   Number         0  printfstubs.o ABSOLUTE
    _printf_p                                0x00000000   Number         0  printfstubs.o ABSOLUTE
    _printf_percent                          0x00000000   Number         0  printfstubs.o ABSOLUTE
    _printf_pre_padding                      0x00000000   Number         0  printfstubs.o ABSOLUTE
    _printf_return_value                     0x00000000   Number         0  printfstubs.o ABSOLUTE
    _printf_s                                0x00000000   Number         0  printfstubs.o ABSOLUTE
    _printf_sizespec                         0x00000000   Number         0  printfstubs.o ABSOLUTE
    _printf_str                              0x00000000   Number         0  printfstubs.o ABSOLUTE
    _printf_truncate_signed                  0x00000000   Number         0  printfstubs.o ABSOLUTE
    _printf_truncate_unsigned                0x00000000   Number         0  printfstubs.o ABSOLUTE
    _printf_u                                0x00000000   Number         0  printfstubs.o ABSOLUTE
    _printf_wc                               0x00000000   Number         0  printfstubs.o ABSOLUTE
    _printf_wctomb                           0x00000000   Number         0  printfstubs.o ABSOLUTE
    _printf_widthprec                        0x00000000   Number         0  printfstubs.o ABSOLUTE
    _printf_x                                0x00000000   Number         0  printfstubs.o ABSOLUTE
    __cpp_initialize__aeabi_                  - Undefined Weak Reference
    __cxa_finalize                            - Undefined Weak Reference
    __decompress                              - Undefined Weak Reference
    _clock_init                               - Undefined Weak Reference
    _microlib_exit                            - Undefined Weak Reference
    __Vectors_Size                           0x000000ec   Number         0  startup_stm32f103xb.o ABSOLUTE
    __Vectors                                0x08000000   Data           4  startup_stm32f103xb.o(RESET)
    __Vectors_End                            0x080000ec   Data           0  startup_stm32f103xb.o(RESET)
    __main                                   0x080000ed   Thumb Code     0  entry.o(.ARM.Collect$$$$00000000)
    _main_stk                                0x080000ed   Thumb Code     0  entry2.o(.ARM.Collect$$$$00000001)
    _main_scatterload                        0x080000f1   Thumb Code     0  entry5.o(.ARM.Collect$$$$00000004)
    __main_after_scatterload                 0x080000f5   Thumb Code     0  entry5.o(.ARM.Collect$$$$00000004)
    _main_clock                              0x080000f5   Thumb Code     0  entry7b.o(.ARM.Collect$$$$00000008)
    _main_cpp_init                           0x080000f5   Thumb Code     0  entry8b.o(.ARM.Collect$$$$0000000A)
    _main_init                               0x080000f5   Thumb Code     0  entry9a.o(.ARM.Collect$$$$0000000B)
    __rt_final_cpp                           0x080000fd   Thumb Code     0  entry10a.o(.ARM.Collect$$$$0000000D)
    __rt_final_exit                          0x080000fd   Thumb Code     0  entry11a.o(.ARM.Collect$$$$0000000F)
    Reset_Handler                            0x08000101   Thumb Code     8  startup_stm32f103xb.o(.text)
    ADC1_2_IRQHandler                        0x0800011b   Thumb Code     0  startup_stm32f103xb.o(.text)
    CAN1_RX1_IRQHandler                      0x0800011b   Thumb Code     0  startup_stm32f103xb.o(.text)
    CAN1_SCE_IRQHandler                      0x0800011b   Thumb Code     0  startup_stm32f103xb.o(.text)
    DMA1_Channel1_IRQHandler                 0x0800011b   Thumb Code     0  startup_stm32f103xb.o(.text)
    DMA1_Channel2_IRQHandler                 0x0800011b   Thumb Code     0  startup_stm32f103xb.o(.text)
    DMA1_Channel3_IRQHandler                 0x0800011b   Thumb Code     0  startup_stm32f103xb.o(.text)
    DMA1_Channel4_IRQHandler                 0x0800011b   Thumb Code     0  startup_stm32f103xb.o(.text)
    DMA1_Channel5_IRQHandler                 0x0800011b   Thumb Code     0  startup_stm32f103xb.o(.text)
    DMA1_Channel6_IRQHandler                 0x0800011b   Thumb Code     0  startup_stm32f103xb.o(.text)
    DMA1_Channel7_IRQHandler                 0x0800011b   Thumb Code     0  startup_stm32f103xb.o(.text)
    EXTI0_IRQHandler                         0x0800011b   Thumb Code     0  startup_stm32f103xb.o(.text)
    EXTI15_10_IRQHandler                     0x0800011b   Thumb Code     0  startup_stm32f103xb.o(.text)
    EXTI1_IRQHandler                         0x0800011b   Thumb Code     0  startup_stm32f103xb.o(.text)
    EXTI2_IRQHandler                         0x0800011b   Thumb Code     0  startup_stm32f103xb.o(.text)
    EXTI3_IRQHandler                         0x0800011b   Thumb Code     0  startup_stm32f103xb.o(.text)
    EXTI4_IRQHandler                         0x0800011b   Thumb Code     0  startup_stm32f103xb.o(.text)
    EXTI9_5_IRQHandler                       0x0800011b   Thumb Code     0  startup_stm32f103xb.o(.text)
    FLASH_IRQHandler                         0x0800011b   Thumb Code     0  startup_stm32f103xb.o(.text)
    I2C1_ER_IRQHandler                       0x0800011b   Thumb Code     0  startup_stm32f103xb.o(.text)
    I2C1_EV_IRQHandler                       0x0800011b   Thumb Code     0  startup_stm32f103xb.o(.text)
    I2C2_ER_IRQHandler                       0x0800011b   Thumb Code     0  startup_stm32f103xb.o(.text)
    I2C2_EV_IRQHandler                       0x0800011b   Thumb Code     0  startup_stm32f103xb.o(.text)
    PVD_IRQHandler                           0x0800011b   Thumb Code     0  startup_stm32f103xb.o(.text)
    RCC_IRQHandler                           0x0800011b   Thumb Code     0  startup_stm32f103xb.o(.text)
    RTC_Alarm_IRQHandler                     0x0800011b   Thumb Code     0  startup_stm32f103xb.o(.text)
    RTC_IRQHandler                           0x0800011b   Thumb Code     0  startup_stm32f103xb.o(.text)
    SPI1_IRQHandler                          0x0800011b   Thumb Code     0  startup_stm32f103xb.o(.text)
    SPI2_IRQHandler                          0x0800011b   Thumb Code     0  startup_stm32f103xb.o(.text)
    TAMPER_IRQHandler                        0x0800011b   Thumb Code     0  startup_stm32f103xb.o(.text)
    TIM1_BRK_IRQHandler                      0x0800011b   Thumb Code     0  startup_stm32f103xb.o(.text)
    TIM1_CC_IRQHandler                       0x0800011b   Thumb Code     0  startup_stm32f103xb.o(.text)
    TIM1_TRG_COM_IRQHandler                  0x0800011b   Thumb Code     0  startup_stm32f103xb.o(.text)
    TIM1_UP_IRQHandler                       0x0800011b   Thumb Code     0  startup_stm32f103xb.o(.text)
    TIM2_IRQHandler                          0x0800011b   Thumb Code     0  startup_stm32f103xb.o(.text)
    TIM3_IRQHandler                          0x0800011b   Thumb Code     0  startup_stm32f103xb.o(.text)
    TIM4_IRQHandler                          0x0800011b   Thumb Code     0  startup_stm32f103xb.o(.text)
    USART1_IRQHandler                        0x0800011b   Thumb Code     0  startup_stm32f103xb.o(.text)
    USART2_IRQHandler                        0x0800011b   Thumb Code     0  startup_stm32f103xb.o(.text)
    USART3_IRQHandler                        0x0800011b   Thumb Code     0  startup_stm32f103xb.o(.text)
    USBWakeUp_IRQHandler                     0x0800011b   Thumb Code     0  startup_stm32f103xb.o(.text)
    USB_HP_CAN1_TX_IRQHandler                0x0800011b   Thumb Code     0  startup_stm32f103xb.o(.text)
    USB_LP_CAN1_RX0_IRQHandler               0x0800011b   Thumb Code     0  startup_stm32f103xb.o(.text)
    WWDG_IRQHandler                          0x0800011b   Thumb Code     0  startup_stm32f103xb.o(.text)
    __aeabi_ldivmod                          0x08000125   Thumb Code    98  ldiv.o(.text)
    memcmp                                   0x08000187   Thumb Code    26  memcmp.o(.text)
    __aeabi_fadd                             0x080001a1   Thumb Code   164  fadd.o(.text)
    __aeabi_fsub                             0x08000245   Thumb Code     6  fadd.o(.text)
    __aeabi_frsub                            0x0800024b   Thumb Code     6  fadd.o(.text)
    __aeabi_fmul                             0x08000251   Thumb Code   100  fmul.o(.text)
    __aeabi_fdiv                             0x080002b5   Thumb Code   124  fdiv.o(.text)
    __aeabi_dadd                             0x08000331   Thumb Code   322  dadd.o(.text)
    __aeabi_dsub                             0x08000473   Thumb Code     6  dadd.o(.text)
    __aeabi_drsub                            0x08000479   Thumb Code     6  dadd.o(.text)
    __aeabi_dmul                             0x0800047f   Thumb Code   228  dmul.o(.text)
    __aeabi_ddiv                             0x08000563   Thumb Code   222  ddiv.o(.text)
    __aeabi_fcmple                           0x08000641   Thumb Code    28  fcmple.o(.text)
    __aeabi_fcmplt                           0x0800065d   Thumb Code    28  fcmplt.o(.text)
    __aeabi_fcmpgt                           0x08000679   Thumb Code    28  fcmpgt.o(.text)
    __aeabi_fcmpeq                           0x08000695   Thumb Code    28  fcmpeq.o(.text)
    __aeabi_i2f                              0x080006b1   Thumb Code    18  fflti.o(.text)
    __aeabi_ui2f                             0x080006c3   Thumb Code    10  ffltui.o(.text)
    __aeabi_i2d                              0x080006cd   Thumb Code    34  dflti.o(.text)
    __aeabi_f2iz                             0x080006ef   Thumb Code    50  ffixi.o(.text)
    __aeabi_d2uiz                            0x08000721   Thumb Code    50  dfixui.o(.text)
    __aeabi_f2d                              0x08000753   Thumb Code    38  f2d.o(.text)
    __aeabi_d2f                              0x08000779   Thumb Code    56  d2f.o(.text)
    __aeabi_uidiv                            0x080007b1   Thumb Code     0  uidiv.o(.text)
    __aeabi_uidivmod                         0x080007b1   Thumb Code    44  uidiv.o(.text)
    __aeabi_uldivmod                         0x080007dd   Thumb Code    98  uldiv.o(.text)
    __aeabi_llsl                             0x0800083f   Thumb Code    30  llshl.o(.text)
    _ll_shift_l                              0x0800083f   Thumb Code     0  llshl.o(.text)
    __aeabi_llsr                             0x0800085d   Thumb Code    32  llushr.o(.text)
    _ll_ushift_r                             0x0800085d   Thumb Code     0  llushr.o(.text)
    __aeabi_lasr                             0x0800087d   Thumb Code    36  llsshr.o(.text)
    _ll_sshift_r                             0x0800087d   Thumb Code     0  llsshr.o(.text)
    __I$use$fp                               0x080008a1   Thumb Code     0  iusefp.o(.text)
    _float_round                             0x080008a1   Thumb Code    18  fepilogue.o(.text)
    _float_epilogue                          0x080008b3   Thumb Code    92  fepilogue.o(.text)
    _double_round                            0x0800090f   Thumb Code    30  depilogue.o(.text)
    _double_epilogue                         0x0800092d   Thumb Code   156  depilogue.o(.text)
    __ARM_scalbn                             0x080009c9   Thumb Code    46  dscalb.o(.text)
    scalbn                                   0x080009c9   Thumb Code     0  dscalb.o(.text)
    __aeabi_d2ulz                            0x080009f7   Thumb Code    48  dfixul.o(.text)
    __aeabi_cdrcmple                         0x08000a29   Thumb Code    48  cdrcmple.o(.text)
    __scatterload                            0x08000a59   Thumb Code    38  init.o(.text)
    __scatterload_rt2                        0x08000a59   Thumb Code     0  init.o(.text)
    _dsqrt                                   0x08000a89   Thumb Code   162  dsqrt.o(.text)
    BME280_compensate_P_int64                0x08000b2d   Thumb Code   340  convertors.o(.text.BME280_compensate_P_int64)
    BME280_compensate_T_int32                0x08000c81   Thumb Code    62  convertors.o(.text.BME280_compensate_T_int32)
    BMP280_GetPressure                       0x08000cc1   Thumb Code    48  bmp280.o(.text.BMP280_GetPressure)
    BMP280_GetTemperature                    0x08000cf1   Thumb Code    46  bmp280.o(.text.BMP280_GetTemperature)
    BMP280_IO_I2C                            0x08000d21   Thumb Code    12  bmp280_i2c.o(.text.BMP280_IO_I2C)
    BMP280_InitALL                           0x08000d2d   Thumb Code   116  bmp280.o(.text.BMP280_InitALL)
    BMP280_read                              0x08000da1   Thumb Code    44  bmp280_i2c.o(.text.BMP280_read)
    BMP280_write                             0x08000dcd   Thumb Code    44  bmp280_i2c.o(.text.BMP280_write)
    BusFault_Handler                         0x08000df9   Thumb Code     2  stm32f1xx_it.o(.text.BusFault_Handler)
    DebugMon_Handler                         0x08000dfd   Thumb Code     2  stm32f1xx_it.o(.text.DebugMon_Handler)
    Error_Handler                            0x08000e01   Thumb Code     2  main.o(.text.Error_Handler)
    HAL_Delay                                0x08000e05   Thumb Code    40  stm32f1xx_hal.o(.text.HAL_Delay)
    HAL_GPIO_Init                            0x08000e2d   Thumb Code   530  stm32f1xx_hal_gpio.o(.text.HAL_GPIO_Init)
    HAL_GPIO_TogglePin                       0x08001041   Thumb Code    14  stm32f1xx_hal_gpio.o(.text.HAL_GPIO_TogglePin)
    HAL_GPIO_WritePin                        0x08001051   Thumb Code    10  stm32f1xx_hal_gpio.o(.text.HAL_GPIO_WritePin)
    HAL_GetTick                              0x0800105d   Thumb Code    12  stm32f1xx_hal.o(.text.HAL_GetTick)
    HAL_I2C_Init                             0x08001069   Thumb Code   340  stm32f1xx_hal_i2c.o(.text.HAL_I2C_Init)
    HAL_I2C_Mem_Read                         0x080011bd   Thumb Code   994  stm32f1xx_hal_i2c.o(.text.HAL_I2C_Mem_Read)
    HAL_I2C_Mem_Write                        0x080015a1   Thumb Code   474  stm32f1xx_hal_i2c.o(.text.HAL_I2C_Mem_Write)
    HAL_I2C_MspInit                          0x0800177d   Thumb Code    98  i2c.o(.text.HAL_I2C_MspInit)
    HAL_IncTick                              0x080017e1   Thumb Code    26  stm32f1xx_hal.o(.text.HAL_IncTick)
    HAL_Init                                 0x080017fd   Thumb Code    38  stm32f1xx_hal.o(.text.HAL_Init)
    HAL_InitTick                             0x08001825   Thumb Code    72  stm32f1xx_hal.o(.text.HAL_InitTick)
    HAL_MspInit                              0x0800186d   Thumb Code    66  stm32f1xx_hal_msp.o(.text.HAL_MspInit)
    HAL_NVIC_SetPriority                     0x080018b1   Thumb Code    86  stm32f1xx_hal_cortex.o(.text.HAL_NVIC_SetPriority)
    HAL_NVIC_SetPriorityGrouping             0x08001909   Thumb Code    32  stm32f1xx_hal_cortex.o(.text.HAL_NVIC_SetPriorityGrouping)
    HAL_RCC_ClockConfig                      0x08001929   Thumb Code   450  stm32f1xx_hal_rcc.o(.text.HAL_RCC_ClockConfig)
    HAL_RCC_GetPCLK1Freq                     0x08001aed   Thumb Code    38  stm32f1xx_hal_rcc.o(.text.HAL_RCC_GetPCLK1Freq)
    HAL_RCC_GetPCLK2Freq                     0x08001b15   Thumb Code    38  stm32f1xx_hal_rcc.o(.text.HAL_RCC_GetPCLK2Freq)
    HAL_RCC_OscConfig                        0x08001b3d   Thumb Code  1024  stm32f1xx_hal_rcc.o(.text.HAL_RCC_OscConfig)
    HAL_SYSTICK_Config                       0x08001f3d   Thumb Code    44  stm32f1xx_hal_cortex.o(.text.HAL_SYSTICK_Config)
    HAL_UART_Init                            0x08001f69   Thumb Code   224  stm32f1xx_hal_uart.o(.text.HAL_UART_Init)
    HAL_UART_MspInit                         0x08002049   Thumb Code   122  usart.o(.text.HAL_UART_MspInit)
    HAL_UART_Transmit                        0x080020c5   Thumb Code   390  stm32f1xx_hal_uart.o(.text.HAL_UART_Transmit)
    HardFault_Handler                        0x0800224d   Thumb Code     2  stm32f1xx_it.o(.text.HardFault_Handler)
    MPU_Get_Gyroscope                        0x08002a71   Thumb Code   128  mpu6050.o(.text.MPU_Get_Gyroscope)
    MPU_Get_Temperature                      0x08002af1   Thumb Code   106  mpu6050.o(.text.MPU_Get_Temperature)
    MPU_Read_Len                             0x08002b5d   Thumb Code    40  mpu6050.o(.text.MPU_Read_Len)
    MPU_Write_Len                            0x08002b85   Thumb Code    40  mpu6050.o(.text.MPU_Write_Len)
    MX_GPIO_Init                             0x08002bad   Thumb Code   162  gpio.o(.text.MX_GPIO_Init)
    MX_I2C1_Init                             0x08002c51   Thumb Code    66  i2c.o(.text.MX_I2C1_Init)
    MX_USART1_UART_Init                      0x08002c95   Thumb Code    60  usart.o(.text.MX_USART1_UART_Init)
    MemManage_Handler                        0x08002cd1   Thumb Code     2  stm32f1xx_it.o(.text.MemManage_Handler)
    NMI_Handler                              0x08002cd5   Thumb Code     2  stm32f1xx_it.o(.text.NMI_Handler)
    OLED_Clear                               0x08002cd9   Thumb Code   172  oled.o(.text.OLED_Clear)
    OLED_Init                                0x08002d85   Thumb Code    16  oled.o(.text.OLED_Init)
    OLED_ShowChar                            0x08002d95   Thumb Code   936  oled.o(.text.OLED_ShowChar)
    OLED_ShowNum                             0x0800313d   Thumb Code   270  oled.o(.text.OLED_ShowNum)
    OLED_ShowString                          0x0800324d   Thumb Code    64  oled.o(.text.OLED_ShowString)
    PendSV_Handler                           0x0800328d   Thumb Code     2  stm32f1xx_it.o(.text.PendSV_Handler)
    SVC_Handler                              0x08003291   Thumb Code     2  stm32f1xx_it.o(.text.SVC_Handler)
    SysTick_Handler                          0x08003295   Thumb Code     4  stm32f1xx_it.o(.text.SysTick_Handler)
    SystemInit                               0x08003299   Thumb Code    80  system_stm32f1xx.o(.text.SystemInit)
    UsageFault_Handler                       0x080032e9   Thumb Code     2  stm32f1xx_it.o(.text.UsageFault_Handler)
    WriteCmd                                 0x080032ed   Thumb Code   606  oled.o(.text.WriteCmd)
    dmp_enable_feature                       0x0800354d   Thumb Code   672  inv_mpu_dmp_motion_driver.o(.text.dmp_enable_feature)
    dmp_load_motion_driver_firmware          0x080037ed   Thumb Code    22  inv_mpu_dmp_motion_driver.o(.text.dmp_load_motion_driver_firmware)
    dmp_set_accel_bias                       0x08003805   Thumb Code   192  inv_mpu_dmp_motion_driver.o(.text.dmp_set_accel_bias)
    dmp_set_fifo_rate                        0x080038c5   Thumb Code   112  inv_mpu_dmp_motion_driver.o(.text.dmp_set_fifo_rate)
    dmp_set_gyro_bias                        0x08003935   Thumb Code   224  inv_mpu_dmp_motion_driver.o(.text.dmp_set_gyro_bias)
    dmp_set_orientation                      0x08003a15   Thumb Code   232  inv_mpu_dmp_motion_driver.o(.text.dmp_set_orientation)
    dmp_set_tap_thresh                       0x08003afd   Thumb Code   298  inv_mpu_dmp_motion_driver.o(.text.dmp_set_tap_thresh)
    fputc                                    0x08003c29   Thumb Code    32  usart.o(.text.fputc)
    inv_orientation_matrix_to_scalar         0x08003f7d   Thumb Code   220  inv_mpu.o(.text.inv_orientation_matrix_to_scalar)
    main                                     0x08004059   Thumb Code   544  main.o(.text.main)
    mpu_configure_fifo                       0x08004311   Thumb Code   164  inv_mpu.o(.text.mpu_configure_fifo)
    mpu_dmp_init                             0x080043b5   Thumb Code   324  inv_mpu.o(.text.mpu_dmp_init)
    mpu_get_accel_fsr                        0x0800458d   Thumb Code    54  inv_mpu.o(.text.mpu_get_accel_fsr)
    mpu_get_accel_sens                       0x080045c5   Thumb Code    48  inv_mpu.o(.text.mpu_get_accel_sens)
    mpu_init                                 0x08004605   Thumb Code   380  inv_mpu.o(.text.mpu_init)
    mpu_load_firmware                        0x080047c9   Thumb Code   326  inv_mpu.o(.text.mpu_load_firmware)
    mpu_lp_accel_mode                        0x08004911   Thumb Code   556  inv_mpu.o(.text.mpu_lp_accel_mode)
    mpu_reset_fifo                           0x08004b3d   Thumb Code   378  inv_mpu.o(.text.mpu_reset_fifo)
    mpu_run_self_test                        0x08004cb9   Thumb Code  2316  inv_mpu.o(.text.mpu_run_self_test)
    mpu_set_accel_fsr                        0x080055e5   Thumb Code   154  inv_mpu.o(.text.mpu_set_accel_fsr)
    mpu_set_bypass                           0x08005681   Thumb Code   238  inv_mpu.o(.text.mpu_set_bypass)
    mpu_set_dmp_state                        0x08005771   Thumb Code   224  inv_mpu.o(.text.mpu_set_dmp_state)
    mpu_set_lpf                              0x08005851   Thumb Code   156  inv_mpu.o(.text.mpu_set_lpf)
    mpu_set_sample_rate                      0x080058ed   Thumb Code   322  inv_mpu.o(.text.mpu_set_sample_rate)
    mpu_set_sensors                          0x08005a31   Thumb Code   234  inv_mpu.o(.text.mpu_set_sensors)
    mpu_write_mem                            0x08005b1d   Thumb Code   100  inv_mpu.o(.text.mpu_write_mem)
    run_self_test                            0x08005b81   Thumb Code   212  inv_mpu.o(.text.run_self_test)
    __0printf                                0x08005c75   Thumb Code    22  printfa.o(i.__0printf)
    __1printf                                0x08005c75   Thumb Code     0  printfa.o(i.__0printf)
    __2printf                                0x08005c75   Thumb Code     0  printfa.o(i.__0printf)
    __c89printf                              0x08005c75   Thumb Code     0  printfa.o(i.__0printf)
    printf                                   0x08005c75   Thumb Code     0  printfa.o(i.__0printf)
    __0sprintf                               0x08005c95   Thumb Code    34  printfa.o(i.__0sprintf)
    __1sprintf                               0x08005c95   Thumb Code     0  printfa.o(i.__0sprintf)
    __2sprintf                               0x08005c95   Thumb Code     0  printfa.o(i.__0sprintf)
    __c89sprintf                             0x08005c95   Thumb Code     0  printfa.o(i.__0sprintf)
    sprintf                                  0x08005c95   Thumb Code     0  printfa.o(i.__0sprintf)
    __ARM_fpclassify                         0x08005cbd   Thumb Code    40  fpclassify.o(i.__ARM_fpclassify)
    __kernel_poly                            0x08005ce5   Thumb Code   170  poly.o(i.__kernel_poly)
    __mathlib_dbl_divzero                    0x08005d91   Thumb Code    12  dunder.o(i.__mathlib_dbl_divzero)
    __mathlib_dbl_infnan2                    0x08005da1   Thumb Code     4  dunder.o(i.__mathlib_dbl_infnan2)
    __mathlib_dbl_invalid                    0x08005da5   Thumb Code    12  dunder.o(i.__mathlib_dbl_invalid)
    __mathlib_dbl_overflow                   0x08005db1   Thumb Code    14  dunder.o(i.__mathlib_dbl_overflow)
    __mathlib_dbl_underflow                  0x08005dc1   Thumb Code    10  dunder.o(i.__mathlib_dbl_underflow)
    __scatterload_copy                       0x08005dd1   Thumb Code    14  handlers.o(i.__scatterload_copy)
    __scatterload_null                       0x08005ddf   Thumb Code     2  handlers.o(i.__scatterload_null)
    __scatterload_zeroinit                   0x08005de1   Thumb Code    14  handlers.o(i.__scatterload_zeroinit)
    __set_errno                              0x08005df1   Thumb Code     6  errno.o(i.__set_errno)
    pow                                      0x080066b9   Thumb Code  2532  pow.o(i.pow)
    puts                                     0x080070a5   Thumb Code    30  puts.o(i.puts)
    sqrt                                     0x080070c9   Thumb Code    76  sqrt.o(i.sqrt)
    __mathlib_zero                           0x080071a0   Data           8  qnan.o(.constdata)
    AHBPrescTable                            0x080071b0   Data          16  system_stm32f1xx.o(.rodata.AHBPrescTable)
    APBPrescTable                            0x080071c0   Data           8  system_stm32f1xx.o(.rodata.APBPrescTable)
    F6x8                                     0x080071c8   Data         552  oled.o(.rodata.F6x8)
    F8X16                                    0x080073f0   Data        1504  oled.o(.rodata.F8X16)
    hw                                       0x080085de   Data          12  inv_mpu.o(.rodata.hw)
    reg                                      0x080085ea   Data          27  inv_mpu.o(.rodata.reg)
    test                                     0x080086b8   Data          40  inv_mpu.o(.rodata.test)
    Region$$Table$$Base                      0x080086e0   Number         0  anon$$obj.o(Region$$Table)
    Region$$Table$$Limit                     0x08008700   Number         0  anon$$obj.o(Region$$Table)
    __stdout                                 0x20000000   Data           4  stdout.o(.data)
    uwTickFreq                               0x20000008   Data           1  stm32f1xx_hal.o(.data..L_MergedGlobals)
    uwTickPrio                               0x2000000c   Data           4  stm32f1xx_hal.o(.data..L_MergedGlobals)
    errorTuoluoyiX                           0x20000048   Data           4  mpu6050.o(.data..L_MergedGlobals)
    errorTuoluoyiY                           0x2000004c   Data           4  mpu6050.o(.data..L_MergedGlobals)
    errorTuoluoyiZ                           0x20000050   Data           4  mpu6050.o(.data..L_MergedGlobals)
    CMD_Data                                 0x20000054   Data          27  oled.o(.data.CMD_Data)
    Flag_LED                                 0x20000070   Data           4  main.o(.data.Flag_LED)
    SystemCoreClock                          0x20000074   Data           4  system_stm32f1xx.o(.data.SystemCoreClock)
    x                                        0x20000078   Data           2  main.o(.bss..L_MergedGlobals)
    y                                        0x2000007a   Data           2  main.o(.bss..L_MergedGlobals)
    z                                        0x2000007c   Data           2  main.o(.bss..L_MergedGlobals)
    T                                        0x20000080   Data           4  main.o(.bss..L_MergedGlobals)
    tempToShow                               0x20000084   Data           5  main.o(.bss..L_MergedGlobals)
    speed                                    0x20000090   Data           8  main.o(.bss..L_MergedGlobals)
    P                                        0x20000098   Data           8  main.o(.bss..L_MergedGlobals)
    t_fine                                   0x200000a0   Data           4  convertors.o(.bss..L_MergedGlobals)
    BMP280_CALIBRATION_DATA                  0x200000a4   Data          24  convertors.o(.bss..L_MergedGlobals)
    hi2c1                                    0x200000d4   Data          84  i2c.o(.bss.hi2c1)
    huart1                                   0x20000128   Data          64  usart.o(.bss.huart1)
    interface                                0x20000168   Data           4  bmp280_i2c.o(.bss.interface)
    uwTick                                   0x2000016c   Data           4  stm32f1xx_hal.o(.bss.uwTick)
    __initial_sp                             0x20000570   Data           0  startup_stm32f103xb.o(STACK)



==============================================================================

Memory Map of the image

  Image Entry point : 0x080000ed

  Load Region LR_IROM1 (Base: 0x08000000, Size: 0x00008778, Max: 0x00010000, ABSOLUTE)

    Execution Region ER_IROM1 (Exec base: 0x08000000, Load base: 0x08000000, Size: 0x00008700, Max: 0x00010000, ABSOLUTE)

    Exec Addr    Load Addr    Size         Type   Attr      Idx    E Section Name        Object

    0x08000000   0x08000000   0x000000ec   Data   RO          106    RESET               startup_stm32f103xb.o
    0x080000ec   0x080000ec   0x00000000   Code   RO         1037  * .ARM.Collect$$$$00000000  mc_w.l(entry.o)
    0x080000ec   0x080000ec   0x00000004   Code   RO         1375    .ARM.Collect$$$$00000001  mc_w.l(entry2.o)
    0x080000f0   0x080000f0   0x00000004   Code   RO         1378    .ARM.Collect$$$$00000004  mc_w.l(entry5.o)
    0x080000f4   0x080000f4   0x00000000   Code   RO         1380    .ARM.Collect$$$$00000008  mc_w.l(entry7b.o)
    0x080000f4   0x080000f4   0x00000000   Code   RO         1382    .ARM.Collect$$$$0000000A  mc_w.l(entry8b.o)
    0x080000f4   0x080000f4   0x00000008   Code   RO         1383    .ARM.Collect$$$$0000000B  mc_w.l(entry9a.o)
    0x080000fc   0x080000fc   0x00000000   Code   RO         1385    .ARM.Collect$$$$0000000D  mc_w.l(entry10a.o)
    0x080000fc   0x080000fc   0x00000000   Code   RO         1387    .ARM.Collect$$$$0000000F  mc_w.l(entry11a.o)
    0x080000fc   0x080000fc   0x00000004   Code   RO         1376    .ARM.Collect$$$$00002712  mc_w.l(entry2.o)
    0x08000100   0x08000100   0x00000024   Code   RO          107    .text               startup_stm32f103xb.o
    0x08000124   0x08000124   0x00000062   Code   RO         1044    .text               mc_w.l(ldiv.o)
    0x08000186   0x08000186   0x0000001a   Code   RO         1046    .text               mc_w.l(memcmp.o)
    0x080001a0   0x080001a0   0x000000b0   Code   RO         1309    .text               mf_w.l(fadd.o)
    0x08000250   0x08000250   0x00000064   Code   RO         1311    .text               mf_w.l(fmul.o)
    0x080002b4   0x080002b4   0x0000007c   Code   RO         1313    .text               mf_w.l(fdiv.o)
    0x08000330   0x08000330   0x0000014e   Code   RO         1315    .text               mf_w.l(dadd.o)
    0x0800047e   0x0800047e   0x000000e4   Code   RO         1317    .text               mf_w.l(dmul.o)
    0x08000562   0x08000562   0x000000de   Code   RO         1319    .text               mf_w.l(ddiv.o)
    0x08000640   0x08000640   0x0000001c   Code   RO         1321    .text               mf_w.l(fcmple.o)
    0x0800065c   0x0800065c   0x0000001c   Code   RO         1323    .text               mf_w.l(fcmplt.o)
    0x08000678   0x08000678   0x0000001c   Code   RO         1327    .text               mf_w.l(fcmpgt.o)
    0x08000694   0x08000694   0x0000001c   Code   RO         1329    .text               mf_w.l(fcmpeq.o)
    0x080006b0   0x080006b0   0x00000012   Code   RO         1331    .text               mf_w.l(fflti.o)
    0x080006c2   0x080006c2   0x0000000a   Code   RO         1333    .text               mf_w.l(ffltui.o)
    0x080006cc   0x080006cc   0x00000022   Code   RO         1335    .text               mf_w.l(dflti.o)
    0x080006ee   0x080006ee   0x00000032   Code   RO         1337    .text               mf_w.l(ffixi.o)
    0x08000720   0x08000720   0x00000032   Code   RO         1341    .text               mf_w.l(dfixui.o)
    0x08000752   0x08000752   0x00000026   Code   RO         1343    .text               mf_w.l(f2d.o)
    0x08000778   0x08000778   0x00000038   Code   RO         1345    .text               mf_w.l(d2f.o)
    0x080007b0   0x080007b0   0x0000002c   Code   RO         1399    .text               mc_w.l(uidiv.o)
    0x080007dc   0x080007dc   0x00000062   Code   RO         1401    .text               mc_w.l(uldiv.o)
    0x0800083e   0x0800083e   0x0000001e   Code   RO         1403    .text               mc_w.l(llshl.o)
    0x0800085c   0x0800085c   0x00000020   Code   RO         1405    .text               mc_w.l(llushr.o)
    0x0800087c   0x0800087c   0x00000024   Code   RO         1407    .text               mc_w.l(llsshr.o)
    0x080008a0   0x080008a0   0x00000000   Code   RO         1416    .text               mc_w.l(iusefp.o)
    0x080008a0   0x080008a0   0x0000006e   Code   RO         1417    .text               mf_w.l(fepilogue.o)
    0x0800090e   0x0800090e   0x000000ba   Code   RO         1419    .text               mf_w.l(depilogue.o)
    0x080009c8   0x080009c8   0x0000002e   Code   RO         1421    .text               mf_w.l(dscalb.o)
    0x080009f6   0x080009f6   0x00000030   Code   RO         1423    .text               mf_w.l(dfixul.o)
    0x08000a26   0x08000a26   0x00000002   PAD
    0x08000a28   0x08000a28   0x00000030   Code   RO         1427    .text               mf_w.l(cdrcmple.o)
    0x08000a58   0x08000a58   0x00000030   Code   RO         1429    .text               mc_w.l(init.o)
    0x08000a88   0x08000a88   0x000000a2   Code   RO         1431    .text               mf_w.l(dsqrt.o)
    0x08000b2a   0x08000b2a   0x00000002   PAD
    0x08000b2c   0x08000b2c   0x00000154   Code   RO          797    .text.BME280_compensate_P_int64  convertors.o
    0x08000c80   0x08000c80   0x0000003e   Code   RO          795    .text.BME280_compensate_T_int32  convertors.o
    0x08000cbe   0x08000cbe   0x00000002   PAD
    0x08000cc0   0x08000cc0   0x00000030   Code   RO          762    .text.BMP280_GetPressure  bmp280.o
    0x08000cf0   0x08000cf0   0x0000002e   Code   RO          760    .text.BMP280_GetTemperature  bmp280.o
    0x08000d1e   0x08000d1e   0x00000002   PAD
    0x08000d20   0x08000d20   0x0000000c   Code   RO          780    .text.BMP280_IO_I2C  bmp280_i2c.o
    0x08000d2c   0x08000d2c   0x00000074   Code   RO          770    .text.BMP280_InitALL  bmp280.o
    0x08000da0   0x08000da0   0x0000002c   Code   RO          782    .text.BMP280_read   bmp280_i2c.o
    0x08000dcc   0x08000dcc   0x0000002c   Code   RO          784    .text.BMP280_write  bmp280_i2c.o
    0x08000df8   0x08000df8   0x00000002   Code   RO           74    .text.BusFault_Handler  stm32f1xx_it.o
    0x08000dfa   0x08000dfa   0x00000002   PAD
    0x08000dfc   0x08000dfc   0x00000002   Code   RO           80    .text.DebugMon_Handler  stm32f1xx_it.o
    0x08000dfe   0x08000dfe   0x00000002   PAD
    0x08000e00   0x08000e00   0x00000002   Code   RO            6    .text.Error_Handler  main.o
    0x08000e02   0x08000e02   0x00000002   PAD
    0x08000e04   0x08000e04   0x00000028   Code   RO          295    .text.HAL_Delay     stm32f1xx_hal.o
    0x08000e2c   0x08000e2c   0x00000212   Code   RO          387    .text.HAL_GPIO_Init  stm32f1xx_hal_gpio.o
    0x0800103e   0x0800103e   0x00000002   PAD
    0x08001040   0x08001040   0x0000000e   Code   RO          395    .text.HAL_GPIO_TogglePin  stm32f1xx_hal_gpio.o
    0x0800104e   0x0800104e   0x00000002   PAD
    0x08001050   0x08001050   0x0000000a   Code   RO          393    .text.HAL_GPIO_WritePin  stm32f1xx_hal_gpio.o
    0x0800105a   0x0800105a   0x00000002   PAD
    0x0800105c   0x0800105c   0x0000000c   Code   RO          287    .text.HAL_GetTick   stm32f1xx_hal.o
    0x08001068   0x08001068   0x00000154   Code   RO          143    .text.HAL_I2C_Init  stm32f1xx_hal_i2c.o
    0x080011bc   0x080011bc   0x000003e2   Code   RO          187    .text.HAL_I2C_Mem_Read  stm32f1xx_hal_i2c.o
    0x0800159e   0x0800159e   0x00000002   PAD
    0x080015a0   0x080015a0   0x000001da   Code   RO          183    .text.HAL_I2C_Mem_Write  stm32f1xx_hal_i2c.o
    0x0800177a   0x0800177a   0x00000002   PAD
    0x0800177c   0x0800177c   0x00000062   Code   RO           36    .text.HAL_I2C_MspInit  i2c.o
    0x080017de   0x080017de   0x00000002   PAD
    0x080017e0   0x080017e0   0x0000001a   Code   RO          285    .text.HAL_IncTick   stm32f1xx_hal.o
    0x080017fa   0x080017fa   0x00000002   PAD
    0x080017fc   0x080017fc   0x00000026   Code   RO          275    .text.HAL_Init      stm32f1xx_hal.o
    0x08001822   0x08001822   0x00000002   PAD
    0x08001824   0x08001824   0x00000048   Code   RO          277    .text.HAL_InitTick  stm32f1xx_hal.o
    0x0800186c   0x0800186c   0x00000042   Code   RO           96    .text.HAL_MspInit   stm32f1xx_hal_msp.o
    0x080018ae   0x080018ae   0x00000002   PAD
    0x080018b0   0x080018b0   0x00000056   Code   RO          445    .text.HAL_NVIC_SetPriority  stm32f1xx_hal_cortex.o
    0x08001906   0x08001906   0x00000002   PAD
    0x08001908   0x08001908   0x00000020   Code   RO          443    .text.HAL_NVIC_SetPriorityGrouping  stm32f1xx_hal_cortex.o
    0x08001928   0x08001928   0x000001c2   Code   RO          339    .text.HAL_RCC_ClockConfig  stm32f1xx_hal_rcc.o
    0x08001aea   0x08001aea   0x00000002   PAD
    0x08001aec   0x08001aec   0x00000026   Code   RO          351    .text.HAL_RCC_GetPCLK1Freq  stm32f1xx_hal_rcc.o
    0x08001b12   0x08001b12   0x00000002   PAD
    0x08001b14   0x08001b14   0x00000026   Code   RO          353    .text.HAL_RCC_GetPCLK2Freq  stm32f1xx_hal_rcc.o
    0x08001b3a   0x08001b3a   0x00000002   PAD
    0x08001b3c   0x08001b3c   0x00000400   Code   RO          337    .text.HAL_RCC_OscConfig  stm32f1xx_hal_rcc.o
    0x08001f3c   0x08001f3c   0x0000002c   Code   RO          455    .text.HAL_SYSTICK_Config  stm32f1xx_hal_cortex.o
    0x08001f68   0x08001f68   0x000000e0   Code   RO          610    .text.HAL_UART_Init  stm32f1xx_hal_uart.o
    0x08002048   0x08002048   0x0000007a   Code   RO           51    .text.HAL_UART_MspInit  usart.o
    0x080020c2   0x080020c2   0x00000002   PAD
    0x080020c4   0x080020c4   0x00000186   Code   RO          624    .text.HAL_UART_Transmit  stm32f1xx_hal_uart.o
    0x0800224a   0x0800224a   0x00000002   PAD
    0x0800224c   0x0800224c   0x00000002   Code   RO           70    .text.HardFault_Handler  stm32f1xx_it.o
    0x0800224e   0x0800224e   0x00000002   PAD
    0x08002250   0x08002250   0x00000316   Code   RO          189    .text.I2C_RequestMemoryRead  stm32f1xx_hal_i2c.o
    0x08002566   0x08002566   0x00000002   PAD
    0x08002568   0x08002568   0x0000025e   Code   RO          185    .text.I2C_RequestMemoryWrite  stm32f1xx_hal_i2c.o
    0x080027c6   0x080027c6   0x00000002   PAD
    0x080027c8   0x080027c8   0x000000a8   Code   RO          155    .text.I2C_WaitOnBTFFlagUntilTimeout  stm32f1xx_hal_i2c.o
    0x08002870   0x08002870   0x00000148   Code   RO          153    .text.I2C_WaitOnFlagUntilTimeout  stm32f1xx_hal_i2c.o
    0x080029b8   0x080029b8   0x000000b8   Code   RO          265    .text.I2C_WaitOnMasterAddressFlagUntilTimeout  stm32f1xx_hal_i2c.o
    0x08002a70   0x08002a70   0x00000080   Code   RO         1009    .text.MPU_Get_Gyroscope  mpu6050.o
    0x08002af0   0x08002af0   0x0000006a   Code   RO         1005    .text.MPU_Get_Temperature  mpu6050.o
    0x08002b5a   0x08002b5a   0x00000002   PAD
    0x08002b5c   0x08002b5c   0x00000028   Code   RO         1007    .text.MPU_Read_Len  mpu6050.o
    0x08002b84   0x08002b84   0x00000028   Code   RO         1013    .text.MPU_Write_Len  mpu6050.o
    0x08002bac   0x08002bac   0x000000a2   Code   RO           24    .text.MX_GPIO_Init  gpio.o
    0x08002c4e   0x08002c4e   0x00000002   PAD
    0x08002c50   0x08002c50   0x00000042   Code   RO           34    .text.MX_I2C1_Init  i2c.o
    0x08002c92   0x08002c92   0x00000002   PAD
    0x08002c94   0x08002c94   0x0000003c   Code   RO           49    .text.MX_USART1_UART_Init  usart.o
    0x08002cd0   0x08002cd0   0x00000002   Code   RO           72    .text.MemManage_Handler  stm32f1xx_it.o
    0x08002cd2   0x08002cd2   0x00000002   PAD
    0x08002cd4   0x08002cd4   0x00000002   Code   RO           68    .text.NMI_Handler   stm32f1xx_it.o
    0x08002cd6   0x08002cd6   0x00000002   PAD
    0x08002cd8   0x08002cd8   0x000000ac   Code   RO          728    .text.OLED_Clear    oled.o
    0x08002d84   0x08002d84   0x00000010   Code   RO          726    .text.OLED_Init     oled.o
    0x08002d94   0x08002d94   0x000003a8   Code   RO          716    .text.OLED_ShowChar  oled.o
    0x0800313c   0x0800313c   0x0000010e   Code   RO          718    .text.OLED_ShowNum  oled.o
    0x0800324a   0x0800324a   0x00000002   PAD
    0x0800324c   0x0800324c   0x00000040   Code   RO          740    .text.OLED_ShowString  oled.o
    0x0800328c   0x0800328c   0x00000002   Code   RO           82    .text.PendSV_Handler  stm32f1xx_it.o
    0x0800328e   0x0800328e   0x00000002   PAD
    0x08003290   0x08003290   0x00000002   Code   RO           78    .text.SVC_Handler   stm32f1xx_it.o
    0x08003292   0x08003292   0x00000002   PAD
    0x08003294   0x08003294   0x00000004   Code   RO           84    .text.SysTick_Handler  stm32f1xx_it.o
    0x08003298   0x08003298   0x00000050   Code   RO          114    .text.SystemInit    system_stm32f1xx.o
    0x080032e8   0x080032e8   0x00000002   Code   RO           76    .text.UsageFault_Handler  stm32f1xx_it.o
    0x080032ea   0x080032ea   0x00000002   PAD
    0x080032ec   0x080032ec   0x0000025e   Code   RO          720    .text.WriteCmd      oled.o
    0x0800354a   0x0800354a   0x00000002   PAD
    0x0800354c   0x0800354c   0x000002a0   Code   RO          955    .text.dmp_enable_feature  inv_mpu_dmp_motion_driver.o
    0x080037ec   0x080037ec   0x00000016   Code   RO          919    .text.dmp_load_motion_driver_firmware  inv_mpu_dmp_motion_driver.o
    0x08003802   0x08003802   0x00000002   PAD
    0x08003804   0x08003804   0x000000c0   Code   RO          925    .text.dmp_set_accel_bias  inv_mpu_dmp_motion_driver.o
    0x080038c4   0x080038c4   0x00000070   Code   RO          927    .text.dmp_set_fifo_rate  inv_mpu_dmp_motion_driver.o
    0x08003934   0x08003934   0x000000e0   Code   RO          923    .text.dmp_set_gyro_bias  inv_mpu_dmp_motion_driver.o
    0x08003a14   0x08003a14   0x000000e8   Code   RO          921    .text.dmp_set_orientation  inv_mpu_dmp_motion_driver.o
    0x08003afc   0x08003afc   0x0000012a   Code   RO          931    .text.dmp_set_tap_thresh  inv_mpu_dmp_motion_driver.o
    0x08003c26   0x08003c26   0x00000002   PAD
    0x08003c28   0x08003c28   0x00000020   Code   RO           55    .text.fputc         usart.o
    0x08003c48   0x08003c48   0x00000334   Code   RO          876    .text.get_st_biases  inv_mpu.o
    0x08003f7c   0x08003f7c   0x000000dc   Code   RO          896    .text.inv_orientation_matrix_to_scalar  inv_mpu.o
    0x08004058   0x08004058   0x000002b8   Code   RO            2    .text.main          main.o
    0x08004310   0x08004310   0x000000a4   Code   RO          822    .text.mpu_configure_fifo  inv_mpu.o
    0x080043b4   0x080043b4   0x000001d8   Code   RO          900    .text.mpu_dmp_init  inv_mpu.o
    0x0800458c   0x0800458c   0x00000036   Code   RO          846    .text.mpu_get_accel_fsr  inv_mpu.o
    0x080045c2   0x080045c2   0x00000002   PAD
    0x080045c4   0x080045c4   0x00000040   Code   RO          858    .text.mpu_get_accel_sens  inv_mpu.o
    0x08004604   0x08004604   0x000001c4   Code   RO          812    .text.mpu_init      inv_mpu.o
    0x080047c8   0x080047c8   0x00000146   Code   RO          882    .text.mpu_load_firmware  inv_mpu.o
    0x0800490e   0x0800490e   0x00000002   PAD
    0x08004910   0x08004910   0x0000022c   Code   RO          828    .text.mpu_lp_accel_mode  inv_mpu.o
    0x08004b3c   0x08004b3c   0x0000017a   Code   RO          842    .text.mpu_reset_fifo  inv_mpu.o
    0x08004cb6   0x08004cb6   0x00000002   PAD
    0x08004cb8   0x08004cb8   0x0000092c   Code   RO          872    .text.mpu_run_self_test  inv_mpu.o
    0x080055e4   0x080055e4   0x0000009a   Code   RO          816    .text.mpu_set_accel_fsr  inv_mpu.o
    0x0800567e   0x0800567e   0x00000002   PAD
    0x08005680   0x08005680   0x000000ee   Code   RO          824    .text.mpu_set_bypass  inv_mpu.o
    0x0800576e   0x0800576e   0x00000002   PAD
    0x08005770   0x08005770   0x000000e0   Code   RO          874    .text.mpu_set_dmp_state  inv_mpu.o
    0x08005850   0x08005850   0x0000009c   Code   RO          818    .text.mpu_set_lpf   inv_mpu.o
    0x080058ec   0x080058ec   0x00000142   Code   RO          820    .text.mpu_set_sample_rate  inv_mpu.o
    0x08005a2e   0x08005a2e   0x00000002   PAD
    0x08005a30   0x08005a30   0x000000ea   Code   RO          826    .text.mpu_set_sensors  inv_mpu.o
    0x08005b1a   0x08005b1a   0x00000002   PAD
    0x08005b1c   0x08005b1c   0x00000064   Code   RO          878    .text.mpu_write_mem  inv_mpu.o
    0x08005b80   0x08005b80   0x000000f4   Code   RO          894    .text.run_self_test  inv_mpu.o
    0x08005c74   0x08005c74   0x00000020   Code   RO         1281    i.__0printf         mc_w.l(printfa.o)
    0x08005c94   0x08005c94   0x00000028   Code   RO         1283    i.__0sprintf        mc_w.l(printfa.o)
    0x08005cbc   0x08005cbc   0x00000028   Code   RO         1366    i.__ARM_fpclassify  m_ws.l(fpclassify.o)
    0x08005ce4   0x08005ce4   0x000000aa   Code   RO         1368    i.__kernel_poly     m_ws.l(poly.o)
    0x08005d8e   0x08005d8e   0x00000002   PAD
    0x08005d90   0x08005d90   0x00000010   Code   RO         1352    i.__mathlib_dbl_divzero  m_ws.l(dunder.o)
    0x08005da0   0x08005da0   0x00000004   Code   RO         1354    i.__mathlib_dbl_infnan2  m_ws.l(dunder.o)
    0x08005da4   0x08005da4   0x0000000c   Code   RO         1355    i.__mathlib_dbl_invalid  m_ws.l(dunder.o)
    0x08005db0   0x08005db0   0x0000000e   Code   RO         1356    i.__mathlib_dbl_overflow  m_ws.l(dunder.o)
    0x08005dbe   0x08005dbe   0x00000002   PAD
    0x08005dc0   0x08005dc0   0x00000010   Code   RO         1358    i.__mathlib_dbl_underflow  m_ws.l(dunder.o)
    0x08005dd0   0x08005dd0   0x0000000e   Code   RO         1435    i.__scatterload_copy  mc_w.l(handlers.o)
    0x08005dde   0x08005dde   0x00000002   Code   RO         1436    i.__scatterload_null  mc_w.l(handlers.o)
    0x08005de0   0x08005de0   0x0000000e   Code   RO         1437    i.__scatterload_zeroinit  mc_w.l(handlers.o)
    0x08005dee   0x08005dee   0x00000002   PAD
    0x08005df0   0x08005df0   0x0000000c   Code   RO         1411    i.__set_errno       mc_w.l(errno.o)
    0x08005dfc   0x08005dfc   0x00000184   Code   RO         1288    i._fp_digits        mc_w.l(printfa.o)
    0x08005f80   0x08005f80   0x000006dc   Code   RO         1289    i._printf_core      mc_w.l(printfa.o)
    0x0800665c   0x0800665c   0x00000024   Code   RO         1290    i._printf_post_padding  mc_w.l(printfa.o)
    0x08006680   0x08006680   0x0000002e   Code   RO         1291    i._printf_pre_padding  mc_w.l(printfa.o)
    0x080066ae   0x080066ae   0x0000000a   Code   RO         1293    i._sputc            mc_w.l(printfa.o)
    0x080066b8   0x080066b8   0x000009ec   Code   RO         1033    i.pow               m_ws.l(pow.o)
    0x080070a4   0x080070a4   0x00000024   Code   RO         1040    i.puts              mc_w.l(puts.o)
    0x080070c8   0x080070c8   0x0000004c   Code   RO         1372    i.sqrt              m_ws.l(sqrt.o)
    0x08007114   0x08007114   0x00000004   PAD
    0x08007118   0x08007118   0x00000088   Data   RO         1034    .constdata          m_ws.l(pow.o)
    0x080071a0   0x080071a0   0x00000008   Data   RO         1370    .constdata          m_ws.l(qnan.o)
    0x080071a8   0x080071a8   0x00000002   Data   RO          364    .rodata..L__const.HAL_RCC_GetSysClockFreq.aPredivFactorTable  stm32f1xx_hal_rcc.o
    0x080071aa   0x080071aa   0x00000003   Data   RO          975    .rodata..L__const.dmp_set_orientation.accel_axes  inv_mpu_dmp_motion_driver.o
    0x080071ad   0x080071ad   0x00000003   Data   RO          974    .rodata..L__const.dmp_set_orientation.gyro_axes  inv_mpu_dmp_motion_driver.o
    0x080071b0   0x080071b0   0x00000010   Data   RO          119    .rodata.AHBPrescTable  system_stm32f1xx.o
    0x080071c0   0x080071c0   0x00000008   Data   RO          120    .rodata.APBPrescTable  system_stm32f1xx.o
    0x080071c8   0x080071c8   0x00000228   Data   RO          744    .rodata.F6x8        oled.o
    0x080073f0   0x080073f0   0x000005e0   Data   RO          745    .rodata.F8X16       oled.o
    0x080079d0   0x080079d0   0x00000010   Data   RO          363    .rodata.cst16       stm32f1xx_hal_rcc.o
    0x080079e0   0x080079e0   0x00000008   Data   RO          908    .rodata.cst8        inv_mpu.o
    0x080079e8   0x080079e8   0x00000bf6   Data   RO          973    .rodata.dmp_memory  inv_mpu_dmp_motion_driver.o
    0x080085de   0x080085de   0x0000000c   Data   RO          905    .rodata.hw          inv_mpu.o
    0x080085ea   0x080085ea   0x0000001b   Data   RO          904    .rodata.reg         inv_mpu.o
    0x08008605   0x08008605   0x00000026   Data   RO           12    .rodata.str1.1      main.o
    0x0800862b   0x0800862b   0x0000008d   Data   RO          907    .rodata.str1.1      inv_mpu.o
    0x080086b8   0x080086b8   0x00000028   Data   RO          906    .rodata.test        inv_mpu.o
    0x080086e0   0x080086e0   0x00000020   Data   RO         1434    Region$$Table       anon$$obj.o


    Execution Region RW_IRAM1 (Exec base: 0x20000000, Load base: 0x08008700, Size: 0x00000570, Max: 0x00005000, ABSOLUTE)

    Exec Addr    Load Addr    Size         Type   Attr      Idx    E Section Name        Object

    0x20000000   0x08008700   0x00000004   Data   RW         1389    .data               mc_w.l(stdout.o)
    0x20000004   0x08008704   0x00000004   Data   RW         1412    .data               mc_w.l(errno.o)
    0x20000008   0x08008708   0x00000008   Data   RW          326    .data..L_MergedGlobals  stm32f1xx_hal.o
    0x20000010   0x08008710   0x00000038   Data   RW          910    .data..L_MergedGlobals  inv_mpu.o
    0x20000048   0x08008748   0x0000000c   Data   RW         1015    .data..L_MergedGlobals  mpu6050.o
    0x20000054   0x08008754   0x0000001b   Data   RW          747    .data.CMD_Data      oled.o
    0x2000006f   0x0800876f   0x00000001   PAD
    0x20000070   0x08008770   0x00000004   Data   RW            8    .data.Flag_LED      main.o
    0x20000074   0x08008774   0x00000004   Data   RW          118    .data.SystemCoreClock  system_stm32f1xx.o
    0x20000078        -       0x00000028   Zero   RW           15    .bss..L_MergedGlobals  main.o
    0x200000a0        -       0x0000001c   Zero   RW          799    .bss..L_MergedGlobals  convertors.o
    0x200000bc        -       0x00000010   Zero   RW          982    .bss..L_MergedGlobals  inv_mpu_dmp_motion_driver.o
    0x200000cc        -       0x00000002   Zero   RW          976    .bss.dmp.2          inv_mpu_dmp_motion_driver.o
    0x200000ce   0x08008778   0x00000002   PAD
    0x200000d0        -       0x00000002   Zero   RW          977    .bss.dmp.4          inv_mpu_dmp_motion_driver.o
    0x200000d2   0x08008778   0x00000002   PAD
    0x200000d4        -       0x00000054   Zero   RW           40    .bss.hi2c1          i2c.o
    0x20000128        -       0x00000040   Zero   RW           59    .bss.huart1         usart.o
    0x20000168        -       0x00000004   Zero   RW          786    .bss.interface      bmp280_i2c.o
    0x2000016c        -       0x00000004   Zero   RW          325    .bss.uwTick         stm32f1xx_hal.o
    0x20000170        -       0x00000400   Zero   RW          104    STACK               startup_stm32f103xb.o


==============================================================================

Image component sizes


      Code (inc. data)   RO Data    RW Data    ZI Data      Debug   Object Name

       210          0          0          0          0       6312   bmp280.o
       100          0          0          0          4       3945   bmp280_i2c.o
       402          0          0          0         28       1998   convertors.o
       162          0          0          0          0       1761   gpio.o
       164          0          0          0         84       4602   i2c.o
      7526        320        228         56          0      31756   inv_mpu.o
      1752         10       3068          0         20      11412   inv_mpu_dmp_motion_driver.o
       698        152         38          4         40       3887   main.o
       314          0          0         12          0       7943   mpu6050.o
      2064          0       2056         27          0      13941   oled.o
        36          8        236          0       1024        776   startup_stm32f103xb.o
       188          0          0          8          4       5687   stm32f1xx_hal.o
       162          0          0          0          0       8427   stm32f1xx_hal_cortex.o
       554         20          0          0          0       4527   stm32f1xx_hal_gpio.o
      3884          0          0          0          0      52372   stm32f1xx_hal_i2c.o
        66          0          0          0          0       1186   stm32f1xx_hal_msp.o
      1550          0         18          0          0       7908   stm32f1xx_hal_rcc.o
       614          0          0          0          0      19673   stm32f1xx_hal_uart.o
        20          0          0          0          0       1525   stm32f1xx_it.o
        80          0         24          4          0       2121   system_stm32f1xx.o
       214          0          0          0         64       4795   usart.o

    ----------------------------------------------------------------------
     20844        510       5700        112       1272     196554   Object Totals
         0          0         32          0          0          0   (incl. Generated)
        84          0          0          1          4          0   (incl. Padding)

    ----------------------------------------------------------------------

      Code (inc. data)   RO Data    RW Data    ZI Data      Debug   Library Member Name

        62         10          0          0          0        340   dunder.o
        40          0          0          0          0         68   fpclassify.o
       170          0          0          0          0         96   poly.o
      2540        188        136          0          0        332   pow.o
         0          0          8          0          0          0   qnan.o
        76          0          0          0          0         84   sqrt.o
         0          0          0          0          0          0   entry.o
         0          0          0          0          0          0   entry10a.o
         0          0          0          0          0          0   entry11a.o
         8          4          0          0          0          0   entry2.o
         4          0          0          0          0          0   entry5.o
         0          0          0          0          0          0   entry7b.o
         0          0          0          0          0          0   entry8b.o
         8          4          0          0          0          0   entry9a.o
        12          6          0          4          0         68   errno.o
        30          0          0          0          0          0   handlers.o
        48         10          0          0          0         68   init.o
         0          0          0          0          0          0   iusefp.o
        98          0          0          0          0         84   ldiv.o
        30          0          0          0          0         68   llshl.o
        36          0          0          0          0         68   llsshr.o
        32          0          0          0          0         68   llushr.o
        26          0          0          0          0         80   memcmp.o
      2308         96          0          0          0        604   printfa.o
        36          6          0          0          0         80   puts.o
         0          0          0          4          0          0   stdout.o
        44          0          0          0          0         80   uidiv.o
        98          0          0          0          0         92   uldiv.o
        48          0          0          0          0         68   cdrcmple.o
        56          0          0          0          0         88   d2f.o
       334          0          0          0          0        148   dadd.o
       222          0          0          0          0        100   ddiv.o
       186          0          0          0          0        176   depilogue.o
        50          0          0          0          0         76   dfixui.o
        48          0          0          0          0         68   dfixul.o
        34          0          0          0          0         76   dflti.o
       228          0          0          0          0         96   dmul.o
        46          0          0          0          0         80   dscalb.o
       162          0          0          0          0        100   dsqrt.o
        38          0          0          0          0         68   f2d.o
       176          0          0          0          0        140   fadd.o
        28          0          0          0          0         68   fcmpeq.o
        28          0          0          0          0         68   fcmpgt.o
        28          0          0          0          0         68   fcmple.o
        28          0          0          0          0         68   fcmplt.o
       124          0          0          0          0         88   fdiv.o
       110          0          0          0          0        168   fepilogue.o
        50          0          0          0          0         68   ffixi.o
        18          0          0          0          0         68   fflti.o
        10          0          0          0          0         68   ffltui.o
       100          0          0          0          0         76   fmul.o

    ----------------------------------------------------------------------
      7872        324        144          8          0       4372   Library Totals
        14          0          0          0          0          0   (incl. Padding)

    ----------------------------------------------------------------------

      Code (inc. data)   RO Data    RW Data    ZI Data      Debug   Library Name

      2888        198        144          0          0        920   m_ws.l
      2818        126          0          8          0       1360   mc_w.l
      2152          0          0          0          0       2092   mf_w.l

    ----------------------------------------------------------------------
      7872        324        144          8          0       4372   Library Totals

    ----------------------------------------------------------------------

==============================================================================


      Code (inc. data)   RO Data    RW Data    ZI Data      Debug   

     28716        834       5844        120       1272     198306   Grand Totals
     28716        834       5844        120       1272     198306   ELF Image Totals
     28716        834       5844        120          0          0   ROM Totals

==============================================================================

    Total RO  Size (Code + RO Data)                34560 (  33.75kB)
    Total RW  Size (RW Data + ZI Data)              1392 (   1.36kB)
    Total ROM Size (Code + RO Data + RW Data)      34680 (  33.87kB)

==============================================================================

